Component: ARM Compiler 5.06 update 7 (build 960) Tool: armlink [4d3601]

==============================================================================

Section Cross References

    startup_stm32f103xb.o(RESET) refers to startup_stm32f103xb.o(STACK) for __initial_sp
    startup_stm32f103xb.o(RESET) refers to startup_stm32f103xb.o(.text) for Reset_Handler
    startup_stm32f103xb.o(RESET) refers to stm32f1xx_it.o(i.NMI_Handler) for NMI_Handler
    startup_stm32f103xb.o(RESET) refers to stm32f1xx_it.o(i.HardFault_Handler) for HardFault_Handler
    startup_stm32f103xb.o(RESET) refers to stm32f1xx_it.o(i.MemManage_Handler) for MemManage_Handler
    startup_stm32f103xb.o(RESET) refers to stm32f1xx_it.o(i.BusFault_Handler) for BusFault_Handler
    startup_stm32f103xb.o(RESET) refers to stm32f1xx_it.o(i.UsageFault_Handler) for UsageFault_Handler
    startup_stm32f103xb.o(RESET) refers to stm32f1xx_it.o(i.SVC_Handler) for SVC_Handler
    startup_stm32f103xb.o(RESET) refers to stm32f1xx_it.o(i.DebugMon_Handler) for DebugMon_Handler
    startup_stm32f103xb.o(RESET) refers to stm32f1xx_it.o(i.PendSV_Handler) for PendSV_Handler
    startup_stm32f103xb.o(RESET) refers to stm32f1xx_it.o(i.SysTick_Handler) for SysTick_Handler
    startup_stm32f103xb.o(RESET) refers to stm32f1xx_it.o(i.USART1_IRQHandler) for USART1_IRQHandler
    startup_stm32f103xb.o(.text) refers to system_stm32f1xx.o(i.SystemInit) for SystemInit
    startup_stm32f103xb.o(.text) refers to entry.o(.ARM.Collect$$$$00000000) for __main
    nrf24l01.o(i.NRF24L01_Available) refers to nrf24l01.o(i.NRF24L01_GetStatus) for NRF24L01_GetStatus
    nrf24l01.o(i.NRF24L01_Available) refers to nrf24l01.o(i.NRF24L01_WriteRegister) for NRF24L01_WriteRegister
    nrf24l01.o(i.NRF24L01_CE_HIGH) refers to stm32f1xx_hal_gpio.o(i.HAL_GPIO_WritePin) for HAL_GPIO_WritePin
    nrf24l01.o(i.NRF24L01_CE_HIGH) refers to nrf24l01.o(.bss) for NRF24L01_Pins
    nrf24l01.o(i.NRF24L01_CE_LOW) refers to stm32f1xx_hal_gpio.o(i.HAL_GPIO_WritePin) for HAL_GPIO_WritePin
    nrf24l01.o(i.NRF24L01_CE_LOW) refers to nrf24l01.o(.bss) for NRF24L01_Pins
    nrf24l01.o(i.NRF24L01_CSN_HIGH) refers to stm32f1xx_hal_gpio.o(i.HAL_GPIO_WritePin) for HAL_GPIO_WritePin
    nrf24l01.o(i.NRF24L01_CSN_HIGH) refers to nrf24l01.o(.bss) for NRF24L01_Pins
    nrf24l01.o(i.NRF24L01_CSN_LOW) refers to stm32f1xx_hal_gpio.o(i.HAL_GPIO_WritePin) for HAL_GPIO_WritePin
    nrf24l01.o(i.NRF24L01_CSN_LOW) refers to nrf24l01.o(.bss) for NRF24L01_Pins
    nrf24l01.o(i.NRF24L01_ClearInterrupts) refers to nrf24l01.o(i.NRF24L01_WriteRegister) for NRF24L01_WriteRegister
    nrf24l01.o(i.NRF24L01_DataReady) refers to nrf24l01.o(i.NRF24L01_GetStatus) for NRF24L01_GetStatus
    nrf24l01.o(i.NRF24L01_DataReady) refers to nrf24l01.o(i.NRF24L01_RxFifoEmpty) for NRF24L01_RxFifoEmpty
    nrf24l01.o(i.NRF24L01_FlushRx) refers to nrf24l01.o(i.NRF24L01_CSN_LOW) for NRF24L01_CSN_LOW
    nrf24l01.o(i.NRF24L01_FlushRx) refers to stm32f1xx_hal_spi.o(i.HAL_SPI_Transmit) for HAL_SPI_Transmit
    nrf24l01.o(i.NRF24L01_FlushRx) refers to nrf24l01.o(i.NRF24L01_CSN_HIGH) for NRF24L01_CSN_HIGH
    nrf24l01.o(i.NRF24L01_FlushRx) refers to nrf24l01.o(.data) for NRF24L01_Struct
    nrf24l01.o(i.NRF24L01_FlushTx) refers to nrf24l01.o(i.NRF24L01_CSN_LOW) for NRF24L01_CSN_LOW
    nrf24l01.o(i.NRF24L01_FlushTx) refers to stm32f1xx_hal_spi.o(i.HAL_SPI_Transmit) for HAL_SPI_Transmit
    nrf24l01.o(i.NRF24L01_FlushTx) refers to nrf24l01.o(i.NRF24L01_CSN_HIGH) for NRF24L01_CSN_HIGH
    nrf24l01.o(i.NRF24L01_FlushTx) refers to nrf24l01.o(.data) for NRF24L01_Struct
    nrf24l01.o(i.NRF24L01_GetData) refers to nrf24l01.o(i.NRF24L01_CSN_LOW) for NRF24L01_CSN_LOW
    nrf24l01.o(i.NRF24L01_GetData) refers to stm32f1xx_hal_spi.o(i.HAL_SPI_Transmit) for HAL_SPI_Transmit
    nrf24l01.o(i.NRF24L01_GetData) refers to stm32f1xx_hal_spi.o(i.HAL_SPI_TransmitReceive) for HAL_SPI_TransmitReceive
    nrf24l01.o(i.NRF24L01_GetData) refers to nrf24l01.o(i.NRF24L01_CSN_HIGH) for NRF24L01_CSN_HIGH
    nrf24l01.o(i.NRF24L01_GetData) refers to nrf24l01.o(i.NRF24L01_WriteRegister) for NRF24L01_WriteRegister
    nrf24l01.o(i.NRF24L01_GetData) refers to nrf24l01.o(.data) for NRF24L01_Struct
    nrf24l01.o(i.NRF24L01_GetPayloadSize) refers to nrf24l01.o(.data) for NRF24L01_Struct
    nrf24l01.o(i.NRF24L01_GetRetransmissionsCount) refers to nrf24l01.o(i.NRF24L01_ReadRegister) for NRF24L01_ReadRegister
    nrf24l01.o(i.NRF24L01_GetStatus) refers to nrf24l01.o(i.NRF24L01_CSN_LOW) for NRF24L01_CSN_LOW
    nrf24l01.o(i.NRF24L01_GetStatus) refers to stm32f1xx_hal_spi.o(i.HAL_SPI_TransmitReceive) for HAL_SPI_TransmitReceive
    nrf24l01.o(i.NRF24L01_GetStatus) refers to nrf24l01.o(i.NRF24L01_CSN_HIGH) for NRF24L01_CSN_HIGH
    nrf24l01.o(i.NRF24L01_GetStatus) refers to nrf24l01.o(.data) for NRF24L01_Struct
    nrf24l01.o(i.NRF24L01_GetTransmissionStatus) refers to nrf24l01.o(i.NRF24L01_GetStatus) for NRF24L01_GetStatus
[...]
    printfa.o(i.__0printf) refers to fputc.o(i.fputc) for fputc
    printfa.o(i.__0printf) refers to stdout.o(.data) for __stdout
    printfa.o(i.__0snprintf) refers (Special) to iusefp.o(.text) for __I$use$fp
    printfa.o(i.__0snprintf) refers to printfa.o(i._printf_core) for _printf_core
    printfa.o(i.__0snprintf) refers to printfa.o(i._snputc) for _snputc
    printfa.o(i.__0sprintf) refers (Special) to iusefp.o(.text) for __I$use$fp
    printfa.o(i.__0sprintf) refers to printfa.o(i._printf_core) for _printf_core
    printfa.o(i.__0sprintf) refers to printfa.o(i._sputc) for _sputc
    printfa.o(i.__0vfprintf) refers (Special) to iusefp.o(.text) for __I$use$fp
    printfa.o(i.__0vfprintf) refers to printfa.o(i._printf_core) for _printf_core
    printfa.o(i.__0vfprintf) refers to fputc.o(i.fputc) for fputc
    printfa.o(i.__0vprintf) refers (Special) to iusefp.o(.text) for __I$use$fp
    printfa.o(i.__0vprintf) refers to printfa.o(i._printf_core) for _printf_core
    printfa.o(i.__0vprintf) refers to fputc.o(i.fputc) for fputc
    printfa.o(i.__0vprintf) refers to stdout.o(.data) for __stdout
    printfa.o(i.__0vsnprintf) refers (Special) to iusefp.o(.text) for __I$use$fp
    printfa.o(i.__0vsnprintf) refers to printfa.o(i._printf_core) for _printf_core
    printfa.o(i.__0vsnprintf) refers to printfa.o(i._snputc) for _snputc
    printfa.o(i.__0vsprintf) refers (Special) to iusefp.o(.text) for __I$use$fp
    printfa.o(i.__0vsprintf) refers to printfa.o(i._printf_core) for _printf_core
    printfa.o(i.__0vsprintf) refers to printfa.o(i._sputc) for _sputc
    printfa.o(i._fp_digits) refers (Special) to iusefp.o(.text) for __I$use$fp
    printfa.o(i._fp_digits) refers to dmul.o(.text) for __aeabi_dmul
    printfa.o(i._fp_digits) refers to ddiv.o(.text) for __aeabi_ddiv
    printfa.o(i._fp_digits) refers to cdrcmple.o(.text) for __aeabi_cdrcmple
    printfa.o(i._fp_digits) refers to dadd.o(.text) for __aeabi_dadd
    printfa.o(i._fp_digits) refers to dfixul.o(.text) for __aeabi_d2ulz
    printfa.o(i._fp_digits) refers to uldiv.o(.text) for __aeabi_uldivmod
    printfa.o(i._printf_core) refers (Special) to iusefp.o(.text) for __I$use$fp
    printfa.o(i._printf_core) refers to printfa.o(i._printf_pre_padding) for _printf_pre_padding
    printfa.o(i._printf_core) refers to uldiv.o(.text) for __aeabi_uldivmod
    printfa.o(i._printf_core) refers to printfa.o(i._printf_post_padding) for _printf_post_padding
    printfa.o(i._printf_core) refers to printfa.o(i._fp_digits) for _fp_digits
    printfa.o(i._printf_core) refers to uidiv.o(.text) for __aeabi_uidivmod
    printfa.o(i._printf_post_padding) refers (Special) to iusefp.o(.text) for __I$use$fp
    printfa.o(i._printf_pre_padding) refers (Special) to iusefp.o(.text) for __I$use$fp
    printfa.o(i._snputc) refers (Special) to iusefp.o(.text) for __I$use$fp
    printfa.o(i._sputc) refers (Special) to iusefp.o(.text) for __I$use$fp
    malloc.o(i.free) refers to mvars.o(.data) for __microlib_freelist
    malloc.o(i.malloc) refers to mvars.o(.data) for __microlib_freelist_initialised
    malloc.o(i.malloc) refers to mvars.o(.data) for __microlib_freelist
    malloc.o(i.malloc) refers to startup_stm32f103xb.o(HEAP) for __heap_base
    mallocr.o(i.__free$realloc) refers to mvars.o(.data) for __microlib_freelist
    mallocr.o(i.__malloc$realloc) refers to mallocr.o(i.internal_alloc) for internal_alloc
    mallocr.o(i.__malloc$realloc) refers to mvars.o(.data) for __microlib_freelist_initialised
    mallocr.o(i.__malloc$realloc) refers to startup_stm32f103xb.o(HEAP) for __heap_base
    mallocr.o(i.__malloc$realloc) refers to mvars.o(.data) for __microlib_freelist
    mallocr.o(i.internal_alloc) refers to memcpya.o(.text) for __aeabi_memcpy
    mallocr.o(i.internal_alloc) refers to mvars.o(.data) for __microlib_freelist
    mallocr.o(i.realloc) refers to mallocr.o(i.__free$realloc) for __free$realloc
    mallocr.o(i.realloc) refers to mallocr.o(i.internal_alloc) for internal_alloc
    mallocr.o(i.realloc) refers to mallocr.o(i.__malloc$realloc) for __malloc$realloc
    mallocr.o(i.realloc) refers to mvars.o(.data) for __microlib_freelist
    malloca.o(i.__aligned_malloc) refers to mvars.o(.data) for __microlib_freelist_initialised
    malloca.o(i.__aligned_malloc) refers to mvars.o(.data) for __microlib_freelist
    malloca.o(i.__aligned_malloc) refers to startup_stm32f103xb.o(HEAP) for __heap_base
    malloca.o(i.__free$memalign) refers to mvars.o(.data) for __microlib_freelist
    malloca.o(i.__malloc$memalign) refers to malloca.o(i.__aligned_malloc) for __aligned_malloc
    mallocra.o(i.__aligned_malloc$realloc) refers to mallocra.o(i.internal_alloc) for internal_alloc
    mallocra.o(i.__aligned_malloc$realloc) refers to mvars.o(.data) for __microlib_freelist_initialised
    mallocra.o(i.__aligned_malloc$realloc) refers to startup_stm32f103xb.o(HEAP) for __heap_base
    mallocra.o(i.__aligned_malloc$realloc) refers to mvars.o(.data) for __microlib_freelist
    mallocra.o(i.__free$realloc$memalign) refers to mvars.o(.data) for __microlib_freelist
    mallocra.o(i.__malloc$realloc$memalign) refers to mallocra.o(i.__aligned_malloc$realloc) for __aligned_malloc$realloc
    mallocra.o(i.__realloc$memalign) refers to mallocra.o(i.__free$realloc$memalign) for __free$realloc$memalign
    mallocra.o(i.__realloc$memalign) refers to mallocra.o(i.internal_alloc) for internal_alloc
    mallocra.o(i.__realloc$memalign) refers to mallocra.o(i.__malloc$realloc$memalign) for __malloc$realloc$memalign
    mallocra.o(i.__realloc$memalign) refers to mvars.o(.data) for __microlib_freelist
    mallocra.o(i.internal_alloc) refers to memcpya.o(.text) for __aeabi_memcpy
    mallocra.o(i.internal_alloc) refers to mvars.o(.data) for __microlib_freelist
    entry2.o(.ARM.Collect$$$$00000001) refers to entry2.o(.ARM.Collect$$$$00002712) for __lit__00000000
    entry2.o(.ARM.Collect$$$$00002712) refers to startup_stm32f103xb.o(STACK) for __initial_sp
    entry2.o(__vectab_stack_and_reset_area) refers to startup_stm32f103xb.o(STACK) for __initial_sp
    entry2.o(__vectab_stack_and_reset_area) refers to entry.o(.ARM.Collect$$$$00000000) for __main
    entry5.o(.ARM.Collect$$$$00000004) refers to init.o(.text) for __scatterload
    entry9a.o(.ARM.Collect$$$$0000000B) refers to main.o(i.main) for main
    entry9b.o(.ARM.Collect$$$$0000000C) refers to main.o(i.main) for main
    fputc.o(i.fputc) refers (Special) to iusesemip.o(.text) for __I$use$semihosting$fputc
    fputc.o(i.fputc) refers (Special) to semi.o(.text) for __semihosting_library_function
    uldiv.o(.text) refers to llushr.o(.text) for __aeabi_llsr
    uldiv.o(.text) refers to llshl.o(.text) for __aeabi_llsl
    dadd.o(.text) refers to llshl.o(.text) for __aeabi_llsl
    dadd.o(.text) refers to llsshr.o(.text) for __aeabi_lasr
    dadd.o(.text) refers to depilogue.o(.text) for _double_epilogue
    dmul.o(.text) refers to depilogue.o(.text) for _double_epilogue
    ddiv.o(.text) refers to depilogue.o(.text) for _double_round
    dfixul.o(.text) refers to llushr.o(.text) for __aeabi_llsr
    dfixul.o(.text) refers to llshl.o(.text) for __aeabi_llsl
    init.o(.text) refers to entry5.o(.ARM.Collect$$$$00000004) for __main_after_scatterload
    depilogue.o(.text) refers to llshl.o(.text) for __aeabi_llsl
    depilogue.o(.text) refers to llushr.o(.text) for __aeabi_llsr


==============================================================================

Removing Unused input sections from the image.

    Removing nrf24l01.o(.rev16_text), (4 bytes).
    Removing nrf24l01.o(.revsh_text), (4 bytes).
    Removing nrf24l01.o(.rrx_text), (6 bytes).
    Removing nrf24l01.o(i.NRF24L01_DataReady), (32 bytes).
    Removing nrf24l01.o(i.NRF24L01_GetData), (64 bytes).
    Removing nrf24l01.o(i.NRF24L01_GetDataRate), (4 bytes).
    Removing nrf24l01.o(i.NRF24L01_GetDynamicPayloadSize), (4 bytes).
    Removing nrf24l01.o(i.NRF24L01_GetPaLevel), (4 bytes).
    Removing nrf24l01.o(i.NRF24L01_GetPayloadSize), (12 bytes).
    Removing nrf24l01.o(i.NRF24L01_GetRetransmissionsCount), (14 bytes).
    Removing nrf24l01.o(i.NRF24L01_GetTransmissionStatus), (32 bytes).
    Removing nrf24l01.o(i.NRF24L01_OpenWritingPipe), (28 bytes).
    Removing nrf24l01.o(i.NRF24L01_PowerDown), (18 bytes).
    Removing nrf24l01.o(i.NRF24L01_PowerUP), (14 bytes).
    Removing nrf24l01.o(i.NRF24L01_PowerUpTx), (30 bytes).
    Removing nrf24l01.o(i.NRF24L01_ReadBit), (30 bytes).
    Removing nrf24l01.o(i.NRF24L01_ReadRegisterMulti), (120 bytes).
    Removing nrf24l01.o(i.NRF24L01_RxFifoEmpty), (16 bytes).
    Removing nrf24l01.o(i.NRF24L01_SetPaLevel), (2 bytes).
    Removing nrf24l01.o(i.NRF24L01_SetRetries), (2 bytes).
    Removing nrf24l01.o(i.NRF24L01_SetRxAddress), (24 bytes).
    Removing nrf24l01.o(i.NRF24L01_SetTxAddress), (26 bytes).
    Removing nrf24l01.o(i.NRF24L01_StopListening), (16 bytes).
    Removing nrf24l01.o(i.NRF24L01_Transmit), (164 bytes).
    Removing nrf24l01.o(i.NRF24L01_WriteBit), (48 bytes).
    Removing nrf24l01.o(i.setDataRate), (2 bytes).
    Removing main.o(.rev16_text), (4 bytes).
    Removing main.o(.revsh_text), (4 bytes).
    Removing main.o(.rrx_text), (6 bytes).
    Removing gpio.o(.rev16_text), (4 bytes).
    Removing gpio.o(.revsh_text), (4 bytes).
    Removing gpio.o(.rrx_text), (6 bytes).
    Removing spi.o(.rev16_text), (4 bytes).
    Removing spi.o(.revsh_text), (4 bytes).
    Removing spi.o(.rrx_text), (6 bytes).
    Removing spi.o(i.HAL_SPI_MspDeInit), (48 bytes).
    Removing usart.o(.rev16_text), (4 bytes).
    Removing usart.o(.revsh_text), (4 bytes).
    Removing usart.o(.rrx_text), (6 bytes).
    Removing usart.o(i.HAL_UART_MspDeInit), (56 bytes).
    Removing stm32f1xx_it.o(.rev16_text), (4 bytes).
    Removing stm32f1xx_it.o(.revsh_text), (4 bytes).
    Removing stm32f1xx_it.o(.rrx_text), (6 bytes).
    Removing stm32f1xx_hal_msp.o(.rev16_text), (4 bytes).
    Removing stm32f1xx_hal_msp.o(.revsh_text), (4 bytes).
    Removing stm32f1xx_hal_msp.o(.rrx_text), (6 bytes).
    Removing stm32f1xx_hal_gpio_ex.o(.rev16_text), (4 bytes).
    Removing stm32f1xx_hal_gpio_ex.o(.revsh_text), (4 bytes).
    Removing stm32f1xx_hal_gpio_ex.o(.rrx_text), (6 bytes).
    Removing stm32f1xx_hal_gpio_ex.o(i.HAL_GPIOEx_ConfigEventout), (24 bytes).
    Removing stm32f1xx_hal_gpio_ex.o(i.HAL_GPIOEx_DisableEventout), (20 bytes).
    Removing stm32f1xx_hal_gpio_ex.o(i.HAL_GPIOEx_EnableEventout), (20 bytes).
    Removing stm32f1xx_hal_spi.o(.rev16_text), (4 bytes).
    Removing stm32f1xx_hal_spi.o(.revsh_text), (4 bytes).
    Removing stm32f1xx_hal_spi.o(.rrx_text), (6 bytes).
    Removing stm32f1xx_hal_spi.o(i.HAL_SPI_Abort), (240 bytes).
    Removing stm32f1xx_hal_spi.o(i.HAL_SPI_AbortCpltCallback), (2 bytes).
    Removing stm32f1xx_hal_spi.o(i.HAL_SPI_Abort_IT), (296 bytes).
    Removing stm32f1xx_hal_spi.o(i.HAL_SPI_DMAPause), (50 bytes).
    Removing stm32f1xx_hal_spi.o(i.HAL_SPI_DMAResume), (50 bytes).
    Removing stm32f1xx_hal_spi.o(i.HAL_SPI_DMAStop), (46 bytes).
    Removing stm32f1xx_hal_spi.o(i.HAL_SPI_DeInit), (54 bytes).
    Removing stm32f1xx_hal_spi.o(i.HAL_SPI_ErrorCallback), (2 bytes).
    Removing stm32f1xx_hal_spi.o(i.HAL_SPI_GetError), (6 bytes).
    Removing stm32f1xx_hal_spi.o(i.HAL_SPI_GetState), (8 bytes).
    Removing stm32f1xx_hal_spi.o(i.HAL_SPI_IRQHandler), (280 bytes).
    Removing stm32f1xx_hal_spi.o(i.HAL_SPI_Init), (134 bytes).
    Removing stm32f1xx_hal_spi.o(i.HAL_SPI_MspDeInit), (2 bytes).
    Removing stm32f1xx_hal_spi.o(i.HAL_SPI_MspInit), (2 bytes).
    Removing stm32f1xx_hal_spi.o(i.HAL_SPI_Receive), (364 bytes).
    Removing stm32f1xx_hal_spi.o(i.HAL_SPI_Receive_DMA), (252 bytes).
    Removing stm32f1xx_hal_spi.o(i.HAL_SPI_Receive_IT), (204 bytes).
    Removing stm32f1xx_hal_spi.o(i.HAL_SPI_RxCpltCallback), (2 bytes).
    Removing stm32f1xx_hal_spi.o(i.HAL_SPI_RxHalfCpltCallback), (2 bytes).
    Removing stm32f1xx_hal_spi.o(i.HAL_SPI_TransmitReceive_DMA), (324 bytes).
    Removing stm32f1xx_hal_spi.o(i.HAL_SPI_TransmitReceive_IT), (200 bytes).
    Removing stm32f1xx_hal_spi.o(i.HAL_SPI_Transmit_DMA), (220 bytes).
    Removing stm32f1xx_hal_spi.o(i.HAL_SPI_Transmit_IT), (184 bytes).
    Removing stm32f1xx_hal_spi.o(i.HAL_SPI_TxCpltCallback), (2 bytes).
    Removing stm32f1xx_hal_spi.o(i.HAL_SPI_TxHalfCpltCallback), (2 bytes).
    Removing stm32f1xx_hal_spi.o(i.HAL_SPI_TxRxCpltCallback), (2 bytes).
    Removing stm32f1xx_hal_spi.o(i.HAL_SPI_TxRxHalfCpltCallback), (2 bytes).
    Removing stm32f1xx_hal_spi.o(i.SPI_2linesRxISR_16BIT), (52 bytes).
    Removing stm32f1xx_hal_spi.o(i.SPI_2linesRxISR_8BIT), (50 bytes).
    Removing stm32f1xx_hal_spi.o(i.SPI_2linesTxISR_16BIT), (52 bytes).
    Removing stm32f1xx_hal_spi.o(i.SPI_2linesTxISR_8BIT), (50 bytes).
    Removing stm32f1xx_hal_spi.o(i.SPI_AbortRx_ISR), (104 bytes).
    Removing stm32f1xx_hal_spi.o(i.SPI_AbortTx_ISR), (26 bytes).
    Removing stm32f1xx_hal_spi.o(i.SPI_CloseRxTx_ISR), (188 bytes).
    Removing stm32f1xx_hal_spi.o(i.SPI_CloseRx_ISR), (104 bytes).
    Removing stm32f1xx_hal_spi.o(i.SPI_CloseTx_ISR), (160 bytes).
    Removing stm32f1xx_hal_spi.o(i.SPI_DMAAbortOnError), (20 bytes).
    Removing stm32f1xx_hal_spi.o(i.SPI_DMAError), (40 bytes).
    Removing stm32f1xx_hal_spi.o(i.SPI_DMAHalfReceiveCplt), (14 bytes).
    Removing stm32f1xx_hal_spi.o(i.SPI_DMAHalfTransmitCplt), (14 bytes).
    Removing stm32f1xx_hal_spi.o(i.SPI_DMAHalfTransmitReceiveCplt), (14 bytes).
    Removing stm32f1xx_hal_spi.o(i.SPI_DMAReceiveCplt), (98 bytes).
    Removing stm32f1xx_hal_spi.o(i.SPI_DMARxAbortCallback), (92 bytes).
    Removing stm32f1xx_hal_spi.o(i.SPI_DMATransmitCplt), (116 bytes).
    Removing stm32f1xx_hal_spi.o(i.SPI_DMATransmitReceiveCplt), (92 bytes).
    Removing stm32f1xx_hal_spi.o(i.SPI_DMATxAbortCallback), (124 bytes).
    Removing stm32f1xx_hal_spi.o(i.SPI_ISCRCErrorValid), (6 bytes).
    Removing stm32f1xx_hal_spi.o(i.SPI_RxISR_16BIT), (36 bytes).
    Removing stm32f1xx_hal_spi.o(i.SPI_RxISR_8BIT), (34 bytes).
    Removing stm32f1xx_hal_spi.o(i.SPI_TxISR_16BIT), (36 bytes).
    Removing stm32f1xx_hal_spi.o(i.SPI_TxISR_8BIT), (34 bytes).
    Removing stm32f1xx_hal_spi_ex.o(.rev16_text), (4 bytes).
    Removing stm32f1xx_hal_spi_ex.o(.revsh_text), (4 bytes).
    Removing stm32f1xx_hal_spi_ex.o(.rrx_text), (6 bytes).
    Removing stm32f1xx_hal_tim.o(.rev16_text), (4 bytes).
    Removing stm32f1xx_hal_tim.o(.revsh_text), (4 bytes).
    Removing stm32f1xx_hal_tim.o(.rrx_text), (6 bytes).
    Removing stm32f1xx_hal_tim_ex.o(.rev16_text), (4 bytes).
    Removing stm32f1xx_hal_tim_ex.o(.revsh_text), (4 bytes).
    Removing stm32f1xx_hal_tim_ex.o(.rrx_text), (6 bytes).
    Removing stm32f1xx_hal_uart.o(.rev16_text), (4 bytes).
    Removing stm32f1xx_hal_uart.o(.revsh_text), (4 bytes).
    Removing stm32f1xx_hal_uart.o(.rrx_text), (6 bytes).
    Removing stm32f1xx_hal_uart.o(i.HAL_HalfDuplex_EnableReceiver), (68 bytes).
    Removing stm32f1xx_hal_uart.o(i.HAL_HalfDuplex_EnableTransmitter), (68 bytes).
    Removing stm32f1xx_hal_uart.o(i.HAL_HalfDuplex_Init), (118 bytes).
    Removing stm32f1xx_hal_uart.o(i.HAL_LIN_Init), (134 bytes).
    Removing stm32f1xx_hal_uart.o(i.HAL_LIN_SendBreak), (62 bytes).
    Removing stm32f1xx_hal_uart.o(i.HAL_MultiProcessor_EnterMuteMode), (62 bytes).
    Removing stm32f1xx_hal_uart.o(i.HAL_MultiProcessor_ExitMuteMode), (62 bytes).
    Removing stm32f1xx_hal_uart.o(i.HAL_MultiProcessor_Init), (138 bytes).
    Removing stm32f1xx_hal_uart.o(i.HAL_UART_Abort), (126 bytes).
    Removing stm32f1xx_hal_uart.o(i.HAL_UART_AbortCpltCallback), (2 bytes).
    Removing stm32f1xx_hal_uart.o(i.HAL_UART_AbortReceive), (80 bytes).
    Removing stm32f1xx_hal_uart.o(i.HAL_UART_AbortReceiveCpltCallback), (2 bytes).
    Removing stm32f1xx_hal_uart.o(i.HAL_UART_AbortReceive_IT), (120 bytes).
    Removing stm32f1xx_hal_uart.o(i.HAL_UART_AbortTransmit), (68 bytes).
    Removing stm32f1xx_hal_uart.o(i.HAL_UART_AbortTransmitCpltCallback), (2 bytes).
    Removing stm32f1xx_hal_uart.o(i.HAL_UART_AbortTransmit_IT), (108 bytes).
    Removing stm32f1xx_hal_uart.o(i.HAL_UART_Abort_IT), (216 bytes).
    Removing stm32f1xx_hal_uart.o(i.HAL_UART_DMAPause), (124 bytes).
    Removing stm32f1xx_hal_uart.o(i.HAL_UART_DMAResume), (126 bytes).
    Removing stm32f1xx_hal_uart.o(i.HAL_UART_DMAStop), (102 bytes).
    Removing stm32f1xx_hal_uart.o(i.HAL_UART_DeInit), (46 bytes).
    Removing stm32f1xx_hal_uart.o(i.HAL_UART_GetError), (6 bytes).
    Removing stm32f1xx_hal_uart.o(i.HAL_UART_GetState), (20 bytes).
    Removing stm32f1xx_hal_uart.o(i.HAL_UART_MspDeInit), (2 bytes).
    Removing stm32f1xx_hal_uart.o(i.HAL_UART_MspInit), (2 bytes).
    Removing stm32f1xx_hal_uart.o(i.HAL_UART_Receive), (222 bytes).
    Removing stm32f1xx_hal_uart.o(i.HAL_UART_Receive_DMA), (196 bytes).
    Removing stm32f1xx_hal_uart.o(i.HAL_UART_Receive_IT), (112 bytes).
    Removing stm32f1xx_hal_uart.o(i.HAL_UART_RxHalfCpltCallback), (2 bytes).
    Removing stm32f1xx_hal_uart.o(i.HAL_UART_Transmit), (214 bytes).
    Removing stm32f1xx_hal_uart.o(i.HAL_UART_Transmit_DMA), (156 bytes).
    Removing stm32f1xx_hal_uart.o(i.HAL_UART_Transmit_IT), (88 bytes).
    Removing stm32f1xx_hal_uart.o(i.HAL_UART_TxHalfCpltCallback), (2 bytes).
    Removing stm32f1xx_hal_uart.o(i.UART_DMAError), (80 bytes).
    Removing stm32f1xx_hal_uart.o(i.UART_DMAReceiveCplt), (70 bytes).
    Removing stm32f1xx_hal_uart.o(i.UART_DMARxAbortCallback), (52 bytes).
    Removing stm32f1xx_hal_uart.o(i.UART_DMARxHalfCplt), (14 bytes).
    Removing stm32f1xx_hal_uart.o(i.UART_DMARxOnlyAbortCallback), (24 bytes).
    Removing stm32f1xx_hal_uart.o(i.UART_DMATransmitCplt), (54 bytes).
    Removing stm32f1xx_hal_uart.o(i.UART_DMATxAbortCallback), (52 bytes).
    Removing stm32f1xx_hal_uart.o(i.UART_DMATxHalfCplt), (14 bytes).
    Removing stm32f1xx_hal_uart.o(i.UART_DMATxOnlyAbortCallback), (24 bytes).
    Removing stm32f1xx_hal_uart.o(i.UART_EndTxTransfer), (20 bytes).
    Removing stm32f1xx_hal_uart.o(i.UART_WaitOnFlagUntilTimeout), (108 bytes).
    Removing stm32f1xx_hal.o(.rev16_text), (4 bytes).
    Removing stm32f1xx_hal.o(.revsh_text), (4 bytes).
    Removing stm32f1xx_hal.o(.rrx_text), (6 bytes).
    Removing stm32f1xx_hal.o(i.HAL_DBGMCU_DisableDBGSleepMode), (20 bytes).
    Removing stm32f1xx_hal.o(i.HAL_DBGMCU_DisableDBGStandbyMode), (20 bytes).
    Removing stm32f1xx_hal.o(i.HAL_DBGMCU_DisableDBGStopMode), (20 bytes).
    Removing stm32f1xx_hal.o(i.HAL_DBGMCU_EnableDBGSleepMode), (20 bytes).
    Removing stm32f1xx_hal.o(i.HAL_DBGMCU_EnableDBGStandbyMode), (20 bytes).
    Removing stm32f1xx_hal.o(i.HAL_DBGMCU_EnableDBGStopMode), (20 bytes).
    Removing stm32f1xx_hal.o(i.HAL_DeInit), (36 bytes).
    Removing stm32f1xx_hal.o(i.HAL_GetDEVID), (16 bytes).
    Removing stm32f1xx_hal.o(i.HAL_GetHalVersion), (8 bytes).
    Removing stm32f1xx_hal.o(i.HAL_GetREVID), (12 bytes).
    Removing stm32f1xx_hal.o(i.HAL_GetTickFreq), (12 bytes).
    Removing stm32f1xx_hal.o(i.HAL_GetTickPrio), (12 bytes).
    Removing stm32f1xx_hal.o(i.HAL_GetUID), (28 bytes).
    Removing stm32f1xx_hal.o(i.HAL_MspDeInit), (2 bytes).
    Removing stm32f1xx_hal.o(i.HAL_MspInit), (2 bytes).
    Removing stm32f1xx_hal.o(i.HAL_ResumeTick), (18 bytes).
    Removing stm32f1xx_hal.o(i.HAL_SetTickFreq), (40 bytes).
    Removing stm32f1xx_hal.o(i.HAL_SuspendTick), (18 bytes).
    Removing stm32f1xx_hal_rcc.o(.rev16_text), (4 bytes).
    Removing stm32f1xx_hal_rcc.o(.revsh_text), (4 bytes).
    Removing stm32f1xx_hal_rcc.o(.rrx_text), (6 bytes).
    Removing stm32f1xx_hal_rcc.o(i.HAL_RCC_CSSCallback), (2 bytes).
    Removing stm32f1xx_hal_rcc.o(i.HAL_RCC_DeInit), (264 bytes).
    Removing stm32f1xx_hal_rcc.o(i.HAL_RCC_DisableCSS), (12 bytes).
    Removing stm32f1xx_hal_rcc.o(i.HAL_RCC_EnableCSS), (12 bytes).
    Removing stm32f1xx_hal_rcc.o(i.HAL_RCC_GetClockConfig), (68 bytes).
    Removing stm32f1xx_hal_rcc.o(i.HAL_RCC_GetOscConfig), (200 bytes).
    Removing stm32f1xx_hal_rcc.o(i.HAL_RCC_MCOConfig), (100 bytes).
    Removing stm32f1xx_hal_rcc.o(i.HAL_RCC_NMI_IRQHandler), (32 bytes).
    Removing stm32f1xx_hal_rcc_ex.o(.rev16_text), (4 bytes).
    Removing stm32f1xx_hal_rcc_ex.o(.revsh_text), (4 bytes).
    Removing stm32f1xx_hal_rcc_ex.o(.rrx_text), (6 bytes).
    Removing stm32f1xx_hal_rcc_ex.o(i.HAL_RCCEx_GetPeriphCLKConfig), (60 bytes).
    Removing stm32f1xx_hal_rcc_ex.o(i.HAL_RCCEx_GetPeriphCLKFreq), (288 bytes).
    Removing stm32f1xx_hal_rcc_ex.o(i.HAL_RCCEx_PeriphCLKConfig), (304 bytes).
    Removing stm32f1xx_hal_gpio.o(.rev16_text), (4 bytes).
    Removing stm32f1xx_hal_gpio.o(.revsh_text), (4 bytes).
    Removing stm32f1xx_hal_gpio.o(.rrx_text), (6 bytes).
    Removing stm32f1xx_hal_gpio.o(i.HAL_GPIO_DeInit), (312 bytes).
    Removing stm32f1xx_hal_gpio.o(i.HAL_GPIO_EXTI_Callback), (2 bytes).
    Removing stm32f1xx_hal_gpio.o(i.HAL_GPIO_EXTI_IRQHandler), (28 bytes).
    Removing stm32f1xx_hal_gpio.o(i.HAL_GPIO_LockPin), (46 bytes).
    Removing stm32f1xx_hal_gpio.o(i.HAL_GPIO_ReadPin), (16 bytes).
    Removing stm32f1xx_hal_gpio.o(i.HAL_GPIO_TogglePin), (8 bytes).
    Removing stm32f1xx_hal_dma.o(.rev16_text), (4 bytes).
    Removing stm32f1xx_hal_dma.o(.revsh_text), (4 bytes).
    Removing stm32f1xx_hal_dma.o(.rrx_text), (6 bytes).
    Removing stm32f1xx_hal_dma.o(i.DMA_SetConfig), (44 bytes).
    Removing stm32f1xx_hal_dma.o(i.HAL_DMA_Abort), (58 bytes).
    Removing stm32f1xx_hal_dma.o(i.HAL_DMA_DeInit), (96 bytes).
    Removing stm32f1xx_hal_dma.o(i.HAL_DMA_GetError), (6 bytes).
    Removing stm32f1xx_hal_dma.o(i.HAL_DMA_GetState), (8 bytes).
    Removing stm32f1xx_hal_dma.o(i.HAL_DMA_IRQHandler), (412 bytes).
    Removing stm32f1xx_hal_dma.o(i.HAL_DMA_Init), (112 bytes).
    Removing stm32f1xx_hal_dma.o(i.HAL_DMA_PollForTransfer), (692 bytes).
    Removing stm32f1xx_hal_dma.o(i.HAL_DMA_RegisterCallback), (90 bytes).
    Removing stm32f1xx_hal_dma.o(i.HAL_DMA_Start), (114 bytes).
    Removing stm32f1xx_hal_dma.o(i.HAL_DMA_Start_IT), (156 bytes).
    Removing stm32f1xx_hal_dma.o(i.HAL_DMA_UnRegisterCallback), (106 bytes).
    Removing stm32f1xx_hal_cortex.o(.rev16_text), (4 bytes).
    Removing stm32f1xx_hal_cortex.o(.revsh_text), (4 bytes).
    Removing stm32f1xx_hal_cortex.o(.rrx_text), (6 bytes).
    Removing stm32f1xx_hal_cortex.o(i.HAL_NVIC_ClearPendingIRQ), (28 bytes).
    Removing stm32f1xx_hal_cortex.o(i.HAL_NVIC_DisableIRQ), (28 bytes).
    Removing stm32f1xx_hal_cortex.o(i.HAL_NVIC_GetActive), (40 bytes).
    Removing stm32f1xx_hal_cortex.o(i.HAL_NVIC_GetPendingIRQ), (40 bytes).
    Removing stm32f1xx_hal_cortex.o(i.HAL_NVIC_GetPriority), (148 bytes).
    Removing stm32f1xx_hal_cortex.o(i.HAL_NVIC_GetPriorityGrouping), (8 bytes).
    Removing stm32f1xx_hal_cortex.o(i.HAL_NVIC_SetPendingIRQ), (28 bytes).
    Removing stm32f1xx_hal_cortex.o(i.HAL_NVIC_SystemReset), (68 bytes).
    Removing stm32f1xx_hal_pwr.o(.rev16_text), (4 bytes).
    Removing stm32f1xx_hal_pwr.o(.revsh_text), (4 bytes).
    Removing stm32f1xx_hal_pwr.o(.rrx_text), (6 bytes).
    Removing stm32f1xx_hal_pwr.o(i.HAL_PWR_ConfigPVD), (180 bytes).
    Removing stm32f1xx_hal_pwr.o(i.HAL_PWR_DeInit), (28 bytes).
    Removing stm32f1xx_hal_pwr.o(i.HAL_PWR_DisableBkUpAccess), (12 bytes).
    Removing stm32f1xx_hal_pwr.o(i.HAL_PWR_DisablePVD), (12 bytes).
    Removing stm32f1xx_hal_pwr.o(i.HAL_PWR_DisableSEVOnPend), (20 bytes).
    Removing stm32f1xx_hal_pwr.o(i.HAL_PWR_DisableSleepOnExit), (20 bytes).
    Removing stm32f1xx_hal_pwr.o(i.HAL_PWR_DisableWakeUpPin), (28 bytes).
    Removing stm32f1xx_hal_pwr.o(i.HAL_PWR_EnableBkUpAccess), (12 bytes).
    Removing stm32f1xx_hal_pwr.o(i.HAL_PWR_EnablePVD), (12 bytes).
    Removing stm32f1xx_hal_pwr.o(i.HAL_PWR_EnableSEVOnPend), (20 bytes).
    Removing stm32f1xx_hal_pwr.o(i.HAL_PWR_EnableSleepOnExit), (20 bytes).
    Removing stm32f1xx_hal_pwr.o(i.HAL_PWR_EnableWakeUpPin), (28 bytes).
    Removing stm32f1xx_hal_pwr.o(i.HAL_PWR_EnterSLEEPMode), (32 bytes).
    Removing stm32f1xx_hal_pwr.o(i.HAL_PWR_EnterSTANDBYMode), (40 bytes).
    Removing stm32f1xx_hal_pwr.o(i.HAL_PWR_EnterSTOPMode), (84 bytes).
    Removing stm32f1xx_hal_pwr.o(i.HAL_PWR_PVDCallback), (2 bytes).
    Removing stm32f1xx_hal_pwr.o(i.HAL_PWR_PVD_IRQHandler), (32 bytes).
    Removing stm32f1xx_hal_pwr.o(i.PWR_OverloadWfe), (6 bytes).
    Removing stm32f1xx_hal_flash.o(.rev16_text), (4 bytes).
    Removing stm32f1xx_hal_flash.o(.revsh_text), (4 bytes).
    Removing stm32f1xx_hal_flash.o(.rrx_text), (6 bytes).
    Removing stm32f1xx_hal_flash.o(i.FLASH_Program_HalfWord), (32 bytes).
    Removing stm32f1xx_hal_flash.o(i.FLASH_SetErrorCode), (132 bytes).
    Removing stm32f1xx_hal_flash.o(i.FLASH_WaitForLastOperation), (112 bytes).
    Removing stm32f1xx_hal_flash.o(i.HAL_FLASH_EndOfOperationCallback), (2 bytes).
    Removing stm32f1xx_hal_flash.o(i.HAL_FLASH_GetError), (12 bytes).
    Removing stm32f1xx_hal_flash.o(i.HAL_FLASH_IRQHandler), (384 bytes).
    Removing stm32f1xx_hal_flash.o(i.HAL_FLASH_Lock), (20 bytes).
    Removing stm32f1xx_hal_flash.o(i.HAL_FLASH_OB_Launch), (8 bytes).
    Removing stm32f1xx_hal_flash.o(i.HAL_FLASH_OB_Lock), (20 bytes).
    Removing stm32f1xx_hal_flash.o(i.HAL_FLASH_OB_Unlock), (44 bytes).
    Removing stm32f1xx_hal_flash.o(i.HAL_FLASH_OperationErrorCallback), (2 bytes).
    Removing stm32f1xx_hal_flash.o(i.HAL_FLASH_Program), (176 bytes).
    Removing stm32f1xx_hal_flash.o(i.HAL_FLASH_Program_IT), (124 bytes).
    Removing stm32f1xx_hal_flash.o(i.HAL_FLASH_Unlock), (48 bytes).
    Removing stm32f1xx_hal_flash.o(.bss), (32 bytes).
    Removing stm32f1xx_hal_flash_ex.o(.rev16_text), (4 bytes).
    Removing stm32f1xx_hal_flash_ex.o(.revsh_text), (4 bytes).
    Removing stm32f1xx_hal_flash_ex.o(.rrx_text), (6 bytes).
    Removing stm32f1xx_hal_flash_ex.o(i.FLASH_MassErase), (40 bytes).
    Removing stm32f1xx_hal_flash_ex.o(i.FLASH_OB_DisableWRP), (232 bytes).
    Removing stm32f1xx_hal_flash_ex.o(i.FLASH_OB_EnableWRP), (236 bytes).
    Removing stm32f1xx_hal_flash_ex.o(i.FLASH_OB_GetRDP), (28 bytes).
    Removing stm32f1xx_hal_flash_ex.o(i.FLASH_OB_GetUser), (16 bytes).
    Removing stm32f1xx_hal_flash_ex.o(i.FLASH_OB_GetWRP), (12 bytes).
    Removing stm32f1xx_hal_flash_ex.o(i.FLASH_OB_ProgramData), (76 bytes).
    Removing stm32f1xx_hal_flash_ex.o(i.FLASH_OB_RDP_LevelConfig), (124 bytes).
    Removing stm32f1xx_hal_flash_ex.o(i.FLASH_OB_UserConfig), (84 bytes).
    Removing stm32f1xx_hal_flash_ex.o(i.FLASH_PageErase), (40 bytes).
    Removing stm32f1xx_hal_flash_ex.o(i.HAL_FLASHEx_Erase), (176 bytes).
    Removing stm32f1xx_hal_flash_ex.o(i.HAL_FLASHEx_Erase_IT), (100 bytes).
    Removing stm32f1xx_hal_flash_ex.o(i.HAL_FLASHEx_OBErase), (96 bytes).
    Removing stm32f1xx_hal_flash_ex.o(i.HAL_FLASHEx_OBGetConfig), (28 bytes).
    Removing stm32f1xx_hal_flash_ex.o(i.HAL_FLASHEx_OBGetUserData), (40 bytes).
    Removing stm32f1xx_hal_flash_ex.o(i.HAL_FLASHEx_OBProgram), (200 bytes).
    Removing system_stm32f1xx.o(.rev16_text), (4 bytes).
    Removing system_stm32f1xx.o(.revsh_text), (4 bytes).
    Removing system_stm32f1xx.o(.rrx_text), (6 bytes).
    Removing system_stm32f1xx.o(i.SystemCoreClockUpdate), (164 bytes).
    Removing dadd.o(.text), (334 bytes).
    Removing dmul.o(.text), (228 bytes).
    Removing ddiv.o(.text), (222 bytes).
    Removing dfixul.o(.text), (48 bytes).
    Removing cdrcmple.o(.text), (48 bytes).
    Removing depilogue.o(.text), (186 bytes).

303 unused section(s) (total 17906 bytes) removed from the image.

==============================================================================

Image Symbol Table

    Local Symbols

    Symbol Name                              Value     Ov Type        Size  Object(Section)

    ..//Src/system_stm32f1xx.c               0x00000000   Number         0  system_stm32f1xx.o ABSOLUTE
    ../Drivers/STM32F1xx_HAL_Driver/Src/stm32f1xx_hal.c 0x00000000   Number         0  stm32f1xx_hal.o ABSOLUTE
    ../Drivers/STM32F1xx_HAL_Driver/Src/stm32f1xx_hal_cortex.c 0x00000000   Number         0  stm32f1xx_hal_cortex.o ABSOLUTE
    ../Drivers/STM32F1xx_HAL_Driver/Src/stm32f1xx_hal_dma.c 0x00000000   Number         0  stm32f1xx_hal_dma.o ABSOLUTE
    ../Drivers/STM32F1xx_HAL_Driver/Src/stm32f1xx_hal_flash.c 0x00000000   Number         0  stm32f1xx_hal_flash.o ABSOLUTE
    ../Drivers/STM32F1xx_HAL_Driver/Src/stm32f1xx_hal_flash_ex.c 0x00000000   Number         0  stm32f1xx_hal_flash_ex.o ABSOLUTE
    ../Drivers/STM32F1xx_HAL_Driver/Src/stm32f1xx_hal_gpio.c 0x00000000   Number         0  stm32f1xx_hal_gpio.o ABSOLUTE
    ../Drivers/STM32F1xx_HAL_Driver/Src/stm32f1xx_hal_gpio_ex.c 0x00000000   Number         0  stm32f1xx_hal_gpio_ex.o ABSOLUTE
    ../Drivers/STM32F1xx_HAL_Driver/Src/stm32f1xx_hal_pwr.c 0x00000000   Number         0  stm32f1xx_hal_pwr.o ABSOLUTE
    ../Drivers/STM32F1xx_HAL_Driver/Src/stm32f1xx_hal_rcc.c 0x00000000   Number         0  stm32f1xx_hal_rcc.o ABSOLUTE
    ../Drivers/STM32F1xx_HAL_Driver/Src/stm32f1xx_hal_rcc_ex.c 0x00000000   Number         0  stm32f1xx_hal_rcc_ex.o ABSOLUTE
    ../Drivers/STM32F1xx_HAL_Driver/Src/stm32f1xx_hal_spi.c 0x00000000   Number         0  stm32f1xx_hal_spi.o ABSOLUTE
    ../Drivers/STM32F1xx_HAL_Driver/Src/stm32f1xx_hal_spi_ex.c 0x00000000   Number         0  stm32f1xx_hal_spi_ex.o ABSOLUTE
    ../Drivers/STM32F1xx_HAL_Driver/Src/stm32f1xx_hal_tim.c 0x00000000   Number         0  stm32f1xx_hal_tim.o ABSOLUTE
    ../Drivers/STM32F1xx_HAL_Driver/Src/stm32f1xx_hal_tim_ex.c 0x00000000   Number         0  stm32f1xx_hal_tim_ex.o ABSOLUTE
    ../Drivers/STM32F1xx_HAL_Driver/Src/stm32f1xx_hal_uart.c 0x00000000   Number         0  stm32f1xx_hal_uart.o ABSOLUTE
    ../Src/gpio.c                            0x00000000   Number         0  gpio.o ABSOLUTE
    ../Src/main.c                            0x00000000   Number         0  main.o ABSOLUTE
    ../Src/spi.c                             0x00000000   Number         0  spi.o ABSOLUTE
    ../Src/stm32f1xx_hal_msp.c               0x00000000   Number         0  stm32f1xx_hal_msp.o ABSOLUTE
    ../Src/stm32f1xx_it.c                    0x00000000   Number         0  stm32f1xx_it.o ABSOLUTE
    ../Src/usart.c                           0x00000000   Number         0  usart.o ABSOLUTE
    ../clib/microlib/division.c              0x00000000   Number         0  uidiv.o ABSOLUTE
    ../clib/microlib/division.c              0x00000000   Number         0  uldiv.o ABSOLUTE
    ../clib/microlib/init/entry.s            0x00000000   Number         0  entry5.o ABSOLUTE
    ../clib/microlib/init/entry.s            0x00000000   Number         0  entry12b.o ABSOLUTE
    ../clib/microlib/init/entry.s            0x00000000   Number         0  entry12a.o ABSOLUTE
    ../clib/microlib/init/entry.s            0x00000000   Number         0  entry11b.o ABSOLUTE
    ../clib/microlib/init/entry.s            0x00000000   Number         0  entry11a.o ABSOLUTE
    ../clib/microlib/init/entry.s            0x00000000   Number         0  entry10b.o ABSOLUTE
    ../clib/microlib/init/entry.s            0x00000000   Number         0  entry10a.o ABSOLUTE
    ../clib/microlib/init/entry.s            0x00000000   Number         0  entry9a.o ABSOLUTE
    ../clib/microlib/init/entry.s            0x00000000   Number         0  entry8b.o ABSOLUTE
    ../clib/microlib/init/entry.s            0x00000000   Number         0  entry9b.o ABSOLUTE
    ../clib/microlib/init/entry.s            0x00000000   Number         0  entry8a.o ABSOLUTE
    ../clib/microlib/init/entry.s            0x00000000   Number         0  entry7b.o ABSOLUTE
    ../clib/microlib/init/entry.s            0x00000000   Number         0  entry.o ABSOLUTE
    ../clib/microlib/init/entry.s            0x00000000   Number         0  entry7a.o ABSOLUTE
    ../clib/microlib/init/entry.s            0x00000000   Number         0  entry2.o ABSOLUTE
    ../clib/microlib/longlong.c              0x00000000   Number         0  llsshr.o ABSOLUTE
    ../clib/microlib/longlong.c              0x00000000   Number         0  llushr.o ABSOLUTE
    ../clib/microlib/longlong.c              0x00000000   Number         0  llshl.o ABSOLUTE
    ../clib/microlib/malloc/malloc.c         0x00000000   Number         0  malloc.o ABSOLUTE
    ../clib/microlib/malloc/malloc.c         0x00000000   Number         0  malloca.o ABSOLUTE
    ../clib/microlib/malloc/malloc.c         0x00000000   Number         0  mallocra.o ABSOLUTE
    ../clib/microlib/malloc/malloc.c         0x00000000   Number         0  mallocr.o ABSOLUTE
    ../clib/microlib/malloc/mvars.c          0x00000000   Number         0  mvars.o ABSOLUTE
    ../clib/microlib/printf/printf.c         0x00000000   Number         0  printf3.o ABSOLUTE
    ../clib/microlib/printf/printf.c         0x00000000   Number         0  printf5.o ABSOLUTE
    ../clib/microlib/printf/printf.c         0x00000000   Number         0  printf4.o ABSOLUTE
    ../clib/microlib/printf/printf.c         0x00000000   Number         0  printf7.o ABSOLUTE
    ../clib/microlib/printf/printf.c         0x00000000   Number         0  printf2.o ABSOLUTE
    ../clib/microlib/printf/printf.c         0x00000000   Number         0  printf6.o ABSOLUTE
    ../clib/microlib/printf/printf.c         0x00000000   Number         0  printfa.o ABSOLUTE
    ../clib/microlib/printf/printf.c         0x00000000   Number         0  printf8.o ABSOLUTE
    ../clib/microlib/printf/printf.c         0x00000000   Number         0  printf1.o ABSOLUTE
    ../clib/microlib/printf/printf.c         0x00000000   Number         0  printf0.o ABSOLUTE
    ../clib/microlib/printf/printf.c         0x00000000   Number         0  printfb.o ABSOLUTE
    ../clib/microlib/printf/stubs.s          0x00000000   Number         0  stubs.o ABSOLUTE
    ../clib/microlib/stdio/fputc.c           0x00000000   Number         0  fputc.o ABSOLUTE
    ../clib/microlib/stdio/semi.s            0x00000000   Number         0  semi.o ABSOLUTE
    ../clib/microlib/stdio/streams.c         0x00000000   Number         0  stdout.o ABSOLUTE
    ../clib/microlib/string/memcpy.c         0x00000000   Number         0  memcpya.o ABSOLUTE
    ../clib/microlib/string/memcpy.c         0x00000000   Number         0  memcpyb.o ABSOLUTE
    ../clib/microlib/string/memset.c         0x00000000   Number         0  memseta.o ABSOLUTE
    ../clib/microlib/stubs.s                 0x00000000   Number         0  iusesemip.o ABSOLUTE
    ../clib/microlib/stubs.s                 0x00000000   Number         0  iusefp.o ABSOLUTE
    ../fplib/microlib/fpadd.c                0x00000000   Number         0  dadd.o ABSOLUTE
    ../fplib/microlib/fpdiv.c                0x00000000   Number         0  ddiv.o ABSOLUTE
    ../fplib/microlib/fpepilogue.c           0x00000000   Number         0  depilogue.o ABSOLUTE
    ../fplib/microlib/fpfix.c                0x00000000   Number         0  dfixul.o ABSOLUTE
    ../fplib/microlib/fpmul.c                0x00000000   Number         0  dmul.o ABSOLUTE
    ..\Drivers\STM32F1xx_HAL_Driver\Src\stm32f1xx_hal.c 0x00000000   Number         0  stm32f1xx_hal.o ABSOLUTE
    ..\Drivers\STM32F1xx_HAL_Driver\Src\stm32f1xx_hal_cortex.c 0x00000000   Number         0  stm32f1xx_hal_cortex.o ABSOLUTE
    ..\Drivers\STM32F1xx_HAL_Driver\Src\stm32f1xx_hal_dma.c 0x00000000   Number         0  stm32f1xx_hal_dma.o ABSOLUTE
    ..\Drivers\STM32F1xx_HAL_Driver\Src\stm32f1xx_hal_flash.c 0x00000000   Number         0  stm32f1xx_hal_flash.o ABSOLUTE
    ..\Drivers\STM32F1xx_HAL_Driver\Src\stm32f1xx_hal_flash_ex.c 0x00000000   Number         0  stm32f1xx_hal_flash_ex.o ABSOLUTE
    ..\Drivers\STM32F1xx_HAL_Driver\Src\stm32f1xx_hal_gpio.c 0x00000000   Number         0  stm32f1xx_hal_gpio.o ABSOLUTE
    ..\Drivers\STM32F1xx_HAL_Driver\Src\stm32f1xx_hal_gpio_ex.c 0x00000000   Number         0  stm32f1xx_hal_gpio_ex.o ABSOLUTE
    ..\Drivers\STM32F1xx_HAL_Driver\Src\stm32f1xx_hal_pwr.c 0x00000000   Number         0  stm32f1xx_hal_pwr.o ABSOLUTE
    ..\Drivers\STM32F1xx_HAL_Driver\Src\stm32f1xx_hal_rcc.c 0x00000000   Number         0  stm32f1xx_hal_rcc.o ABSOLUTE
    ..\Drivers\STM32F1xx_HAL_Driver\Src\stm32f1xx_hal_rcc_ex.c 0x00000000   Number         0  stm32f1xx_hal_rcc_ex.o ABSOLUTE
    ..\Drivers\STM32F1xx_HAL_Driver\Src\stm32f1xx_hal_spi.c 0x00000000   Number         0  stm32f1xx_hal_spi.o ABSOLUTE
    ..\Drivers\STM32F1xx_HAL_Driver\Src\stm32f1xx_hal_spi_ex.c 0x00000000   Number         0  stm32f1xx_hal_spi_ex.o ABSOLUTE
    ..\Drivers\STM32F1xx_HAL_Driver\Src\stm32f1xx_hal_tim.c 0x00000000   Number         0  stm32f1xx_hal_tim.o ABSOLUTE
    ..\Drivers\STM32F1xx_HAL_Driver\Src\stm32f1xx_hal_tim_ex.c 0x00000000   Number         0  stm32f1xx_hal_tim_ex.o ABSOLUTE
    ..\Drivers\STM32F1xx_HAL_Driver\Src\stm32f1xx_hal_uart.c 0x00000000   Number         0  stm32f1xx_hal_uart.o ABSOLUTE
    ..\Src\NRF24l01.c                        0x00000000   Number         0  nrf24l01.o ABSOLUTE
    ..\Src\gpio.c                            0x00000000   Number         0  gpio.o ABSOLUTE
    ..\Src\main.c                            0x00000000   Number         0  main.o ABSOLUTE
    ..\Src\spi.c                             0x00000000   Number         0  spi.o ABSOLUTE
    ..\Src\stm32f1xx_hal_msp.c               0x00000000   Number         0  stm32f1xx_hal_msp.o ABSOLUTE
    ..\Src\stm32f1xx_it.c                    0x00000000   Number         0  stm32f1xx_it.o ABSOLUTE
    ..\Src\usart.c                           0x00000000   Number         0  usart.o ABSOLUTE
    ..\\Src\\NRF24l01.c                      0x00000000   Number         0  nrf24l01.o ABSOLUTE
    ..\\Src\system_stm32f1xx.c               0x00000000   Number         0  system_stm32f1xx.o ABSOLUTE
    cdrcmple.s                               0x00000000   Number         0  cdrcmple.o ABSOLUTE
    dc.s                                     0x00000000   Number         0  dc.o ABSOLUTE
    handlers.s                               0x00000000   Number         0  handlers.o ABSOLUTE
    init.s                                   0x00000000   Number         0  init.o ABSOLUTE
    startup_stm32f103xb.s                    0x00000000   Number         0  startup_stm32f103xb.o ABSOLUTE
    RESET                                    0x08000000   Section      236  startup_stm32f103xb.o(RESET)
    .ARM.Collect$$$$00000000                 0x080000ec   Section        0  entry.o(.ARM.Collect$$$$00000000)
    .ARM.Collect$$$$00000001                 0x080000ec   Section        4  entry2.o(.ARM.Collect$$$$00000001)
    .ARM.Collect$$$$00000004                 0x080000f0   Section        4  entry5.o(.ARM.Collect$$$$00000004)
    .ARM.Collect$$$$00000008                 0x080000f4   Section        0  entry7b.o(.ARM.Collect$$$$00000008)
    .ARM.Collect$$$$0000000A                 0x080000f4   Section        0  entry8b.o(.ARM.Collect$$$$0000000A)
    .ARM.Collect$$$$0000000B                 0x080000f4   Section        8  entry9a.o(.ARM.Collect$$$$0000000B)
    .ARM.Collect$$$$0000000E                 0x080000fc   Section        4  entry12b.o(.ARM.Collect$$$$0000000E)
    .ARM.Collect$$$$0000000F                 0x08000100   Section        0  entry10a.o(.ARM.Collect$$$$0000000F)
    .ARM.Collect$$$$00000011                 0x08000100   Section        0  entry11a.o(.ARM.Collect$$$$00000011)
    .ARM.Collect$$$$00002712                 0x08000100   Section        4  entry2.o(.ARM.Collect$$$$00002712)
    __lit__00000000                          0x08000100   Data           4  entry2.o(.ARM.Collect$$$$00002712)
    .text                                    0x08000104   Section       36  startup_stm32f103xb.o(.text)
    .text                                    0x08000128   Section        0  memcpya.o(.text)
    .text                                    0x0800014c   Section        0  memseta.o(.text)
    .text                                    0x08000170   Section        0  uidiv.o(.text)
    .text                                    0x0800019c   Section       36  init.o(.text)
    i.BusFault_Handler                       0x080001c0   Section        0  stm32f1xx_it.o(i.BusFault_Handler)
    i.DebugMon_Handler                       0x080001c4   Section        0  stm32f1xx_it.o(i.DebugMon_Handler)
    i.HAL_DMA_Abort_IT                       0x080001c8   Section        0  stm32f1xx_hal_dma.o(i.HAL_DMA_Abort_IT)
    i.HAL_Delay                              0x08000278   Section        0  stm32f1xx_hal.o(i.HAL_Delay)
    i.HAL_GPIO_Init                          0x080002a0   Section        0  stm32f1xx_hal_gpio.o(i.HAL_GPIO_Init)
    i.HAL_GPIO_WritePin                      0x080005bc   Section        0  stm32f1xx_hal_gpio.o(i.HAL_GPIO_WritePin)
    i.HAL_GetTick                            0x080005c8   Section        0  stm32f1xx_hal.o(i.HAL_GetTick)
    i.HAL_IncTick                            0x080005d4   Section        0  stm32f1xx_hal.o(i.HAL_IncTick)
    i.HAL_Init                               0x080005ec   Section        0  stm32f1xx_hal.o(i.HAL_Init)
    i.HAL_InitTick                           0x08000614   Section        0  stm32f1xx_hal.o(i.HAL_InitTick)
    i.HAL_MspInit                            0x08000660   Section        0  stm32f1xx_hal_msp.o(i.HAL_MspInit)
    i.HAL_NVIC_EnableIRQ                     0x08000708   Section        0  stm32f1xx_hal_cortex.o(i.HAL_NVIC_EnableIRQ)
    i.HAL_NVIC_SetPriority                   0x08000722   Section        0  stm32f1xx_hal_cortex.o(i.HAL_NVIC_SetPriority)
    i.HAL_NVIC_SetPriorityGrouping           0x080007a0   Section        0  stm32f1xx_hal_cortex.o(i.HAL_NVIC_SetPriorityGrouping)
    i.HAL_RCC_ClockConfig                    0x080007c8   Section        0  stm32f1xx_hal_rcc.o(i.HAL_RCC_ClockConfig)
    i.HAL_RCC_GetHCLKFreq                    0x0800096c   Section        0  stm32f1xx_hal_rcc.o(i.HAL_RCC_GetHCLKFreq)
    i.HAL_RCC_GetPCLK1Freq                   0x08000978   Section        0  stm32f1xx_hal_rcc.o(i.HAL_RCC_GetPCLK1Freq)
    i.HAL_RCC_GetPCLK2Freq                   0x08000998   Section        0  stm32f1xx_hal_rcc.o(i.HAL_RCC_GetPCLK2Freq)
    i.HAL_RCC_GetSysClockFreq                0x080009b8   Section        0  stm32f1xx_hal_rcc.o(i.HAL_RCC_GetSysClockFreq)
    i.HAL_RCC_OscConfig                      0x08000a4c   Section        0  stm32f1xx_hal_rcc.o(i.HAL_RCC_OscConfig)
    i.HAL_SPI_Init                           0x08000e8c   Section        0  stm32f1xx_hal_spi_ex.o(i.HAL_SPI_Init)
    i.HAL_SPI_MspInit                        0x08000f14   Section        0  spi.o(i.HAL_SPI_MspInit)
    i.HAL_SPI_Transmit                       0x08000f74   Section        0  stm32f1xx_hal_spi.o(i.HAL_SPI_Transmit)
    i.HAL_SPI_TransmitReceive                0x0800111a   Section        0  stm32f1xx_hal_spi.o(i.HAL_SPI_TransmitReceive)
    i.HAL_SYSTICK_CLKSourceConfig            0x08001338   Section        0  stm32f1xx_hal_cortex.o(i.HAL_SYSTICK_CLKSourceConfig)
    i.HAL_SYSTICK_Callback                   0x08001360   Section        0  stm32f1xx_hal_cortex.o(i.HAL_SYSTICK_Callback)
    i.HAL_SYSTICK_Config                     0x08001362   Section        0  stm32f1xx_hal_cortex.o(i.HAL_SYSTICK_Config)
    i.HAL_SYSTICK_IRQHandler                 0x08001396   Section        0  stm32f1xx_hal_cortex.o(i.HAL_SYSTICK_IRQHandler)
    i.HAL_UART_ErrorCallback                 0x0800139e   Section        0  stm32f1xx_hal_uart.o(i.HAL_UART_ErrorCallback)
    i.HAL_UART_IRQHandler                    0x080013a0   Section        0  stm32f1xx_hal_uart.o(i.HAL_UART_IRQHandler)
    i.HAL_UART_Init                          0x080014ec   Section        0  stm32f1xx_hal_uart.o(i.HAL_UART_Init)
    i.HAL_UART_MspInit                       0x08001560   Section        0  usart.o(i.HAL_UART_MspInit)
    i.HAL_UART_RxCpltCallback                0x080015d4   Section        0  stm32f1xx_hal_uart.o(i.HAL_UART_RxCpltCallback)
    i.HAL_UART_TxCpltCallback                0x080015d6   Section        0  stm32f1xx_hal_uart.o(i.HAL_UART_TxCpltCallback)
    i.HardFault_Handler                      0x080015d8   Section        0  stm32f1xx_it.o(i.HardFault_Handler)
    i.MX_GPIO_Init                           0x080015dc   Section        0  gpio.o(i.MX_GPIO_Init)
    i.MX_SPI1_Init                           0x08001688   Section        0  spi.o(i.MX_SPI1_Init)
    i.MX_USART1_UART_Init                    0x080016e0   Section        0  usart.o(i.MX_USART1_UART_Init)
    i.MemManage_Handler                      0x0800172c   Section        0  stm32f1xx_it.o(i.MemManage_Handler)
    i.NMI_Handler                            0x08001730   Section        0  stm32f1xx_it.o(i.NMI_Handler)
    i.NRF24L01_Available                     0x08001732   Section        0  nrf24l01.o(i.NRF24L01_Available)
    i.NRF24L01_CE_HIGH                       0x08001764   Section        0  nrf24l01.o(i.NRF24L01_CE_HIGH)
    i.NRF24L01_CE_LOW                        0x08001778   Section        0  nrf24l01.o(i.NRF24L01_CE_LOW)
    i.NRF24L01_CSN_HIGH                      0x0800178c   Section        0  nrf24l01.o(i.NRF24L01_CSN_HIGH)
    i.NRF24L01_CSN_LOW                       0x080017a0   Section        0  nrf24l01.o(i.NRF24L01_CSN_LOW)
    i.NRF24L01_ClearInterrupts               0x080017b4   Section        0  nrf24l01.o(i.NRF24L01_ClearInterrupts)
    i.NRF24L01_FlushRx                       0x080017c0   Section        0  nrf24l01.o(i.NRF24L01_FlushRx)
    i.NRF24L01_FlushTx                       0x080017e4   Section        0  nrf24l01.o(i.NRF24L01_FlushTx)
    i.NRF24L01_GetStatus                     0x08001808   Section        0  nrf24l01.o(i.NRF24L01_GetStatus)
    i.NRF24L01_Init                          0x08001834   Section        0  nrf24l01.o(i.NRF24L01_Init)
    i.NRF24L01_OpenReadingPipe               0x0800192c   Section        0  nrf24l01.o(i.NRF24L01_OpenReadingPipe)
    i.NRF24L01_PowerUpRx                     0x08001970   Section        0  nrf24l01.o(i.NRF24L01_PowerUpRx)
    i.NRF24L01_Read                          0x0800198c   Section        0  nrf24l01.o(i.NRF24L01_Read)
    i.NRF24L01_ReadRegister                  0x08001a08   Section        0  nrf24l01.o(i.NRF24L01_ReadRegister)
    i.NRF24L01_SetAutoAck                    0x08001a40   Section        0  nrf24l01.o(i.NRF24L01_SetAutoAck)
    i.NRF24L01_SetChannel                    0x08001a9c   Section        0  nrf24l01.o(i.NRF24L01_SetChannel)
    i.NRF24L01_SetCrcLength                  0x08001ac0   Section        0  nrf24l01.o(i.NRF24L01_SetCrcLength)
    i.NRF24L01_SetRF                         0x08001aec   Section        0  nrf24l01.o(i.NRF24L01_SetRF)
    i.NRF24L01_SoftwareReset                 0x08001b34   Section        0  nrf24l01.o(i.NRF24L01_SoftwareReset)
    i.NRF24L01_StartListening                0x08001c50   Section        0  nrf24l01.o(i.NRF24L01_StartListening)
    i.NRF24L01_TestCarrier                   0x08001c7c   Section        0  nrf24l01.o(i.NRF24L01_TestCarrier)
    i.NRF24L01_WriteRegister                 0x08001c8c   Section        0  nrf24l01.o(i.NRF24L01_WriteRegister)
    i.NRF24L01_WriteRegisterMulti            0x08001cbc   Section        0  nrf24l01.o(i.NRF24L01_WriteRegisterMulti)
    i.NVIC_GetPriorityGrouping               0x08001d0c   Section        0  stm32f1xx_hal_cortex.o(i.NVIC_GetPriorityGrouping)
    NVIC_GetPriorityGrouping                 0x08001d0d   Thumb Code    10  stm32f1xx_hal_cortex.o(i.NVIC_GetPriorityGrouping)
    i.NVIC_SetPriority                       0x08001d1c   Section        0  stm32f1xx_hal_cortex.o(i.NVIC_SetPriority)
    NVIC_SetPriority                         0x08001d1d   Thumb Code    32  stm32f1xx_hal_cortex.o(i.NVIC_SetPriority)
    i.PendSV_Handler                         0x08001d44   Section        0  stm32f1xx_it.o(i.PendSV_Handler)
    i.RCC_Delay                              0x08001d48   Section        0  stm32f1xx_hal_rcc.o(i.RCC_Delay)
    RCC_Delay                                0x08001d49   Thumb Code    36  stm32f1xx_hal_rcc.o(i.RCC_Delay)
    i.SPI_CheckFlag_BSY                      0x08001d70   Section        0  stm32f1xx_hal_spi.o(i.SPI_CheckFlag_BSY)
    SPI_CheckFlag_BSY                        0x08001d71   Thumb Code    40  stm32f1xx_hal_spi.o(i.SPI_CheckFlag_BSY)
    i.SPI_WaitFlagStateUntilTimeout          0x08001d98   Section        0  stm32f1xx_hal_spi.o(i.SPI_WaitFlagStateUntilTimeout)
    SPI_WaitFlagStateUntilTimeout            0x08001d99   Thumb Code   170  stm32f1xx_hal_spi.o(i.SPI_WaitFlagStateUntilTimeout)
    i.SVC_Handler                            0x08001e42   Section        0  stm32f1xx_it.o(i.SVC_Handler)
    i.SysTick_Handler                        0x08001e44   Section        0  stm32f1xx_it.o(i.SysTick_Handler)
    i.SystemClock_Config                     0x08001e50   Section        0  main.o(i.SystemClock_Config)
    i.SystemInit                             0x08001ecc   Section        0  system_stm32f1xx.o(i.SystemInit)
    i.UART_DMAAbortOnError                   0x08001f24   Section        0  stm32f1xx_hal_uart.o(i.UART_DMAAbortOnError)
    UART_DMAAbortOnError                     0x08001f25   Thumb Code    20  stm32f1xx_hal_uart.o(i.UART_DMAAbortOnError)
    i.UART_EndRxTransfer                     0x08001f38   Section        0  stm32f1xx_hal_uart.o(i.UART_EndRxTransfer)
    UART_EndRxTransfer                       0x08001f39   Thumb Code    32  stm32f1xx_hal_uart.o(i.UART_EndRxTransfer)
    i.UART_EndTransmit_IT                    0x08001f58   Section        0  stm32f1xx_hal_uart.o(i.UART_EndTransmit_IT)
    UART_EndTransmit_IT                      0x08001f59   Thumb Code    32  stm32f1xx_hal_uart.o(i.UART_EndTransmit_IT)
    i.UART_Receive_IT                        0x08001f78   Section        0  stm32f1xx_hal_uart.o(i.UART_Receive_IT)
    UART_Receive_IT                          0x08001f79   Thumb Code   166  stm32f1xx_hal_uart.o(i.UART_Receive_IT)
    i.UART_SetConfig                         0x08002020   Section        0  stm32f1xx_hal_uart.o(i.UART_SetConfig)
    UART_SetConfig                           0x08002021   Thumb Code   450  stm32f1xx_hal_uart.o(i.UART_SetConfig)
    i.UART_Transmit_IT                       0x080021e8   Section        0  stm32f1xx_hal_uart.o(i.UART_Transmit_IT)
    UART_Transmit_IT                         0x080021e9   Thumb Code   104  stm32f1xx_hal_uart.o(i.UART_Transmit_IT)
    i.USART1_IRQHandler                      0x08002250   Section        0  stm32f1xx_it.o(i.USART1_IRQHandler)
    i.UsageFault_Handler                     0x08002260   Section        0  stm32f1xx_it.o(i.UsageFault_Handler)
    i._Error_Handler                         0x08002264   Section        0  main.o(i._Error_Handler)
    i.__0snprintf$1                          0x08002268   Section        0  printf1.o(i.__0snprintf$1)
    i.__scatterload_copy                     0x0800229c   Section       14  handlers.o(i.__scatterload_copy)
    i.__scatterload_null                     0x080022aa   Section        2  handlers.o(i.__scatterload_null)
    i.__scatterload_zeroinit                 0x080022ac   Section       14  handlers.o(i.__scatterload_zeroinit)
    i._printf_core                           0x080022bc   Section        0  printf1.o(i._printf_core)
    _printf_core                             0x080022bd   Thumb Code   336  printf1.o(i._printf_core)
    i._snputc                                0x08002410   Section        0  printf1.o(i._snputc)
    _snputc                                  0x08002411   Thumb Code    22  printf1.o(i._snputc)
    i.free                                   0x08002428   Section        0  malloc.o(i.free)
    i.main                                   0x08002478   Section        0  main.o(i.main)
    i.malloc                                 0x0800264c   Section        0  malloc.o(i.malloc)
    .constdata                               0x080026b8   Section       24  system_stm32f1xx.o(.constdata)
    .data                                    0x20000000   Section       13  nrf24l01.o(.data)
    NRF24L01_Struct                          0x20000000   Data           8  nrf24l01.o(.data)
    .data                                    0x2000000d   Section        5  main.o(.data)
    .data                                    0x20000014   Section        9  stm32f1xx_hal.o(.data)
    .data                                    0x20000020   Section        4  system_stm32f1xx.o(.data)
    .data                                    0x20000024   Section        4  mvars.o(.data)
    .data                                    0x20000028   Section        4  mvars.o(.data)
    .bss                                     0x2000002c   Section       48  nrf24l01.o(.bss)
    NRF24L01_Pins                            0x2000002c   Data          48  nrf24l01.o(.bss)
    .bss                                     0x2000005c   Section       31  main.o(.bss)
    .bss                                     0x2000007c   Section       88  spi.o(.bss)
    .bss                                     0x200000d4   Section       64  usart.o(.bss)
    HEAP                                     0x20000118   Section      512  startup_stm32f103xb.o(HEAP)
    STACK                                    0x20000318   Section     2048  startup_stm32f103xb.o(STACK)

    Global Symbols

    Symbol Name                              Value     Ov Type        Size  Object(Section)

    BuildAttributes$$THM_ISAv4$P$D$K$B$S$PE$A:L22UL41UL21$X:L11$S22US41US21$IEEE1$IW$USESV6$~STKCKD$USESV7$~SHL$OSPACE$ROPI$EBA8$MICROLIB$REQ8$PRES8$EABIv2 0x00000000   Number         0  anon$$obj.o ABSOLUTE
    __ARM_use_no_argv                        0x00000000   Number         0  main.o ABSOLUTE
    _printf_a                                0x00000000   Number         0  stubs.o ABSOLUTE
    _printf_c                                0x00000000   Number         0  stubs.o ABSOLUTE
    _printf_charcount                        0x00000000   Number         0  stubs.o ABSOLUTE
    _printf_d                                0x00000000   Number         0  stubs.o ABSOLUTE
    _printf_e                                0x00000000   Number         0  stubs.o ABSOLUTE
    _printf_f                                0x00000000   Number         0  stubs.o ABSOLUTE
    _printf_flags                            0x00000000   Number         0  stubs.o ABSOLUTE
    _printf_fp_dec                           0x00000000   Number         0  stubs.o ABSOLUTE
    _printf_fp_hex                           0x00000000   Number         0  stubs.o ABSOLUTE
    _printf_g                                0x00000000   Number         0  stubs.o ABSOLUTE
    _printf_i                                0x00000000   Number         0  stubs.o ABSOLUTE
    _printf_int_dec                          0x00000000   Number         0  stubs.o ABSOLUTE
    _printf_l                                0x00000000   Number         0  stubs.o ABSOLUTE
    _printf_lc                               0x00000000   Number         0  stubs.o ABSOLUTE
    _printf_ll                               0x00000000   Number         0  stubs.o ABSOLUTE
    _printf_lld                              0x00000000   Number         0  stubs.o ABSOLUTE
    _printf_lli                              0x00000000   Number         0  stubs.o ABSOLUTE
    _printf_llo                              0x00000000   Number         0  stubs.o ABSOLUTE
    _printf_llu                              0x00000000   Number         0  stubs.o ABSOLUTE
    _printf_llx                              0x00000000   Number         0  stubs.o ABSOLUTE
    _printf_longlong_dec                     0x00000000   Number         0  stubs.o ABSOLUTE
    _printf_longlong_hex                     0x00000000   Number         0  stubs.o ABSOLUTE
    _printf_longlong_oct                     0x00000000   Number         0  stubs.o ABSOLUTE
    _printf_ls                               0x00000000   Number         0  stubs.o ABSOLUTE
    _printf_mbtowc                           0x00000000   Number         0  stubs.o ABSOLUTE
    _printf_n                                0x00000000   Number         0  stubs.o ABSOLUTE
    _printf_o                                0x00000000   Number         0  stubs.o ABSOLUTE
    _printf_p                                0x00000000   Number         0  stubs.o ABSOLUTE
    _printf_percent                          0x00000000   Number         0  stubs.o ABSOLUTE
    _printf_pre_padding                      0x00000000   Number         0  stubs.o ABSOLUTE
    _printf_return_value                     0x00000000   Number         0  stubs.o ABSOLUTE
    _printf_s                                0x00000000   Number         0  stubs.o ABSOLUTE
    _printf_sizespec                         0x00000000   Number         0  stubs.o ABSOLUTE
    _printf_str                              0x00000000   Number         0  stubs.o ABSOLUTE
    _printf_truncate_signed                  0x00000000   Number         0  stubs.o ABSOLUTE
    _printf_truncate_unsigned                0x00000000   Number         0  stubs.o ABSOLUTE
    _printf_u                                0x00000000   Number         0  stubs.o ABSOLUTE
    _printf_wc                               0x00000000   Number         0  stubs.o ABSOLUTE
    _printf_wctomb                           0x00000000   Number         0  stubs.o ABSOLUTE
    _printf_widthprec                        0x00000000   Number         0  stubs.o ABSOLUTE
    _printf_x                                0x00000000   Number         0  stubs.o ABSOLUTE
    __arm_fini_                               - Undefined Weak Reference
    __cpp_initialize__aeabi_                  - Undefined Weak Reference
    __cxa_finalize                            - Undefined Weak Reference
    __decompress                              - Undefined Weak Reference
    _clock_init                               - Undefined Weak Reference
    _microlib_exit                            - Undefined Weak Reference
    __Vectors_Size                           0x000000ec   Number         0  startup_stm32f103xb.o ABSOLUTE
    __Vectors                                0x08000000   Data           4  startup_stm32f103xb.o(RESET)
    __Vectors_End                            0x080000ec   Data           0  startup_stm32f103xb.o(RESET)
    __main                                   0x080000ed   Thumb Code     0  entry.o(.ARM.Collect$$$$00000000)
    _main_stk                                0x080000ed   Thumb Code     0  entry2.o(.ARM.Collect$$$$00000001)
    _main_scatterload                        0x080000f1   Thumb Code     0  entry5.o(.ARM.Collect$$$$00000004)
    __main_after_scatterload                 0x080000f5   Thumb Code     0  entry5.o(.ARM.Collect$$$$00000004)
    _main_clock                              0x080000f5   Thumb Code     0  entry7b.o(.ARM.Collect$$$$00000008)
    _main_cpp_init                           0x080000f5   Thumb Code     0  entry8b.o(.ARM.Collect$$$$0000000A)
    _main_init                               0x080000f5   Thumb Code     0  entry9a.o(.ARM.Collect$$$$0000000B)
    __rt_lib_shutdown_fini                   0x080000fd   Thumb Code     0  entry12b.o(.ARM.Collect$$$$0000000E)
    __rt_final_cpp                           0x08000101   Thumb Code     0  entry10a.o(.ARM.Collect$$$$0000000F)
    __rt_final_exit                          0x08000101   Thumb Code     0  entry11a.o(.ARM.Collect$$$$00000011)
    Reset_Handler                            0x08000105   Thumb Code     8  startup_stm32f103xb.o(.text)
    ADC1_2_IRQHandler                        0x0800011f   Thumb Code     0  startup_stm32f103xb.o(.text)
    CAN1_RX1_IRQHandler                      0x0800011f   Thumb Code     0  startup_stm32f103xb.o(.text)
    CAN1_SCE_IRQHandler                      0x0800011f   Thumb Code     0  startup_stm32f103xb.o(.text)
    DMA1_Channel1_IRQHandler                 0x0800011f   Thumb Code     0  startup_stm32f103xb.o(.text)
    DMA1_Channel2_IRQHandler                 0x0800011f   Thumb Code     0  startup_stm32f103xb.o(.text)
    DMA1_Channel3_IRQHandler                 0x0800011f   Thumb Code     0  startup_stm32f103xb.o(.text)
    DMA1_Channel4_IRQHandler                 0x0800011f   Thumb Code     0  startup_stm32f103xb.o(.text)
    DMA1_Channel5_IRQHandler                 0x0800011f   Thumb Code     0  startup_stm32f103xb.o(.text)
    DMA1_Channel6_IRQHandler                 0x0800011f   Thumb Code     0  startup_stm32f103xb.o(.text)
    DMA1_Channel7_IRQHandler                 0x0800011f   Thumb Code     0  startup_stm32f103xb.o(.text)
    EXTI0_IRQHandler                         0x0800011f   Thumb Code     0  startup_stm32f103xb.o(.text)
    EXTI15_10_IRQHandler                     0x0800011f   Thumb Code     0  startup_stm32f103xb.o(.text)
    EXTI1_IRQHandler                         0x0800011f   Thumb Code     0  startup_stm32f103xb.o(.text)
    EXTI2_IRQHandler                         0x0800011f   Thumb Code     0  startup_stm32f103xb.o(.text)
    EXTI3_IRQHandler                         0x0800011f   Thumb Code     0  startup_stm32f103xb.o(.text)
    EXTI4_IRQHandler                         0x0800011f   Thumb Code     0  startup_stm32f103xb.o(.text)
    EXTI9_5_IRQHandler                       0x0800011f   Thumb Code     0  startup_stm32f103xb.o(.text)
    FLASH_IRQHandler                         0x0800011f   Thumb Code     0  startup_stm32f103xb.o(.text)
    I2C1_ER_IRQHandler                       0x0800011f   Thumb Code     0  startup_stm32f103xb.o(.text)
    I2C1_EV_IRQHandler                       0x0800011f   Thumb Code     0  startup_stm32f103xb.o(.text)
    I2C2_ER_IRQHandler                       0x0800011f   Thumb Code     0  startup_stm32f103xb.o(.text)
    I2C2_EV_IRQHandler                       0x0800011f   Thumb Code     0  startup_stm32f103xb.o(.text)
    PVD_IRQHandler                           0x0800011f   Thumb Code     0  startup_stm32f103xb.o(.text)
    RCC_IRQHandler                           0x0800011f   Thumb Code     0  startup_stm32f103xb.o(.text)
    RTC_Alarm_IRQHandler                     0x0800011f   Thumb Code     0  startup_stm32f103xb.o(.text)
    RTC_IRQHandler                           0x0800011f   Thumb Code     0  startup_stm32f103xb.o(.text)
    SPI1_IRQHandler                          0x0800011f   Thumb Code     0  startup_stm32f103xb.o(.text)
    SPI2_IRQHandler                          0x0800011f   Thumb Code     0  startup_stm32f103xb.o(.text)
    TAMPER_IRQHandler                        0x0800011f   Thumb Code     0  startup_stm32f103xb.o(.text)
    TIM1_BRK_IRQHandler                      0x0800011f   Thumb Code     0  startup_stm32f103xb.o(.text)
    TIM1_CC_IRQHandler                       0x0800011f   Thumb Code     0  startup_stm32f103xb.o(.text)
    TIM1_TRG_COM_IRQHandler                  0x0800011f   Thumb Code     0  startup_stm32f103xb.o(.text)
    TIM1_UP_IRQHandler                       0x0800011f   Thumb Code     0  startup_stm32f103xb.o(.text)
    TIM2_IRQHandler                          0x0800011f   Thumb Code     0  startup_stm32f103xb.o(.text)
    TIM3_IRQHandler                          0x0800011f   Thumb Code     0  startup_stm32f103xb.o(.text)
    TIM4_IRQHandler                          0x0800011f   Thumb Code     0  startup_stm32f103xb.o(.text)
    USART2_IRQHandler                        0x0800011f   Thumb Code     0  startup_stm32f103xb.o(.text)
    USART3_IRQHandler                        0x0800011f   Thumb Code     0  startup_stm32f103xb.o(.text)
    USBWakeUp_IRQHandler                     0x0800011f   Thumb Code     0  startup_stm32f103xb.o(.text)
    USB_HP_CAN1_TX_IRQHandler                0x0800011f   Thumb Code     0  startup_stm32f103xb.o(.text)
    USB_LP_CAN1_RX0_IRQHandler               0x0800011f   Thumb Code     0  startup_stm32f103xb.o(.text)
    WWDG_IRQHandler                          0x0800011f   Thumb Code     0  startup_stm32f103xb.o(.text)
    __aeabi_memcpy                           0x08000129   Thumb Code    36  memcpya.o(.text)
    __aeabi_memcpy4                          0x08000129   Thumb Code     0  memcpya.o(.text)
    __aeabi_memcpy8                          0x08000129   Thumb Code     0  memcpya.o(.text)
    __aeabi_memset                           0x0800014d   Thumb Code    14  memseta.o(.text)
    __aeabi_memset4                          0x0800014d   Thumb Code     0  memseta.o(.text)
    __aeabi_memset8                          0x0800014d   Thumb Code     0  memseta.o(.text)
    __aeabi_memclr                           0x0800015b   Thumb Code     4  memseta.o(.text)
    __aeabi_memclr4                          0x0800015b   Thumb Code     0  memseta.o(.text)
    __aeabi_memclr8                          0x0800015b   Thumb Code     0  memseta.o(.text)
    _memset$wrapper                          0x0800015f   Thumb Code    18  memseta.o(.text)
    __aeabi_uidiv                            0x08000171   Thumb Code     0  uidiv.o(.text)
    __aeabi_uidivmod                         0x08000171   Thumb Code    44  uidiv.o(.text)
    __scatterload                            0x0800019d   Thumb Code    28  init.o(.text)
    __scatterload_rt2                        0x0800019d   Thumb Code     0  init.o(.text)
    BusFault_Handler                         0x080001c1   Thumb Code     4  stm32f1xx_it.o(i.BusFault_Handler)
    DebugMon_Handler                         0x080001c5   Thumb Code     2  stm32f1xx_it.o(i.DebugMon_Handler)
    HAL_DMA_Abort_IT                         0x080001c9   Thumb Code   172  stm32f1xx_hal_dma.o(i.HAL_DMA_Abort_IT)
    HAL_Delay                                0x08000279   Thumb Code    36  stm32f1xx_hal.o(i.HAL_Delay)
    HAL_GPIO_Init                            0x080002a1   Thumb Code   764  stm32f1xx_hal_gpio.o(i.HAL_GPIO_Init)
    HAL_GPIO_WritePin                        0x080005bd   Thumb Code    12  stm32f1xx_hal_gpio.o(i.HAL_GPIO_WritePin)
    HAL_GetTick                              0x080005c9   Thumb Code     6  stm32f1xx_hal.o(i.HAL_GetTick)
    HAL_IncTick                              0x080005d5   Thumb Code    16  stm32f1xx_hal.o(i.HAL_IncTick)
    HAL_Init                                 0x080005ed   Thumb Code    34  stm32f1xx_hal.o(i.HAL_Init)
    HAL_InitTick                             0x08000615   Thumb Code    64  stm32f1xx_hal.o(i.HAL_InitTick)
    HAL_MspInit                              0x08000661   Thumb Code   158  stm32f1xx_hal_msp.o(i.HAL_MspInit)
    HAL_NVIC_EnableIRQ                       0x08000709   Thumb Code    26  stm32f1xx_hal_cortex.o(i.HAL_NVIC_EnableIRQ)
    HAL_NVIC_SetPriority                     0x08000723   Thumb Code   124  stm32f1xx_hal_cortex.o(i.HAL_NVIC_SetPriority)
    HAL_NVIC_SetPriorityGrouping             0x080007a1   Thumb Code    32  stm32f1xx_hal_cortex.o(i.HAL_NVIC_SetPriorityGrouping)
    HAL_RCC_ClockConfig                      0x080007c9   Thumb Code   402  stm32f1xx_hal_rcc.o(i.HAL_RCC_ClockConfig)
    HAL_RCC_GetHCLKFreq                      0x0800096d   Thumb Code     6  stm32f1xx_hal_rcc.o(i.HAL_RCC_GetHCLKFreq)
    HAL_RCC_GetPCLK1Freq                     0x08000979   Thumb Code    22  stm32f1xx_hal_rcc.o(i.HAL_RCC_GetPCLK1Freq)
    HAL_RCC_GetPCLK2Freq                     0x08000999   Thumb Code    22  stm32f1xx_hal_rcc.o(i.HAL_RCC_GetPCLK2Freq)
    HAL_RCC_GetSysClockFreq                  0x080009b9   Thumb Code   116  stm32f1xx_hal_rcc.o(i.HAL_RCC_GetSysClockFreq)
    HAL_RCC_OscConfig                        0x08000a4d   Thumb Code  1078  stm32f1xx_hal_rcc.o(i.HAL_RCC_OscConfig)
    HAL_SPI_Init                             0x08000e8d   Thumb Code   134  stm32f1xx_hal_spi_ex.o(i.HAL_SPI_Init)
    HAL_SPI_MspInit                          0x08000f15   Thumb Code    84  spi.o(i.HAL_SPI_MspInit)
    HAL_SPI_Transmit                         0x08000f75   Thumb Code   422  stm32f1xx_hal_spi.o(i.HAL_SPI_Transmit)
    HAL_SPI_TransmitReceive                  0x0800111b   Thumb Code   542  stm32f1xx_hal_spi.o(i.HAL_SPI_TransmitReceive)
    HAL_SYSTICK_CLKSourceConfig              0x08001339   Thumb Code    40  stm32f1xx_hal_cortex.o(i.HAL_SYSTICK_CLKSourceConfig)
    HAL_SYSTICK_Callback                     0x08001361   Thumb Code     2  stm32f1xx_hal_cortex.o(i.HAL_SYSTICK_Callback)
    HAL_SYSTICK_Config                       0x08001363   Thumb Code    52  stm32f1xx_hal_cortex.o(i.HAL_SYSTICK_Config)
    HAL_SYSTICK_IRQHandler                   0x08001397   Thumb Code     8  stm32f1xx_hal_cortex.o(i.HAL_SYSTICK_IRQHandler)
    HAL_UART_ErrorCallback                   0x0800139f   Thumb Code     2  stm32f1xx_hal_uart.o(i.HAL_UART_ErrorCallback)
    HAL_UART_IRQHandler                      0x080013a1   Thumb Code   326  stm32f1xx_hal_uart.o(i.HAL_UART_IRQHandler)
    HAL_UART_Init                            0x080014ed   Thumb Code   114  stm32f1xx_hal_uart.o(i.HAL_UART_Init)
    HAL_UART_MspInit                         0x08001561   Thumb Code   102  usart.o(i.HAL_UART_MspInit)
    HAL_UART_RxCpltCallback                  0x080015d5   Thumb Code     2  stm32f1xx_hal_uart.o(i.HAL_UART_RxCpltCallback)
    HAL_UART_TxCpltCallback                  0x080015d7   Thumb Code     2  stm32f1xx_hal_uart.o(i.HAL_UART_TxCpltCallback)
    HardFault_Handler                        0x080015d9   Thumb Code     4  stm32f1xx_it.o(i.HardFault_Handler)
    MX_GPIO_Init                             0x080015dd   Thumb Code   160  gpio.o(i.MX_GPIO_Init)
    MX_SPI1_Init                             0x08001689   Thumb Code    62  spi.o(i.MX_SPI1_Init)
    MX_USART1_UART_Init                      0x080016e1   Thumb Code    50  usart.o(i.MX_USART1_UART_Init)
    MemManage_Handler                        0x0800172d   Thumb Code     4  stm32f1xx_it.o(i.MemManage_Handler)
    NMI_Handler                              0x08001731   Thumb Code     2  stm32f1xx_it.o(i.NMI_Handler)
    NRF24L01_Available                       0x08001733   Thumb Code    48  nrf24l01.o(i.NRF24L01_Available)
    NRF24L01_CE_HIGH                         0x08001765   Thumb Code    16  nrf24l01.o(i.NRF24L01_CE_HIGH)
    NRF24L01_CE_LOW                          0x08001779   Thumb Code    16  nrf24l01.o(i.NRF24L01_CE_LOW)
    NRF24L01_CSN_HIGH                        0x0800178d   Thumb Code    16  nrf24l01.o(i.NRF24L01_CSN_HIGH)
    NRF24L01_CSN_LOW                         0x080017a1   Thumb Code    16  nrf24l01.o(i.NRF24L01_CSN_LOW)
    NRF24L01_ClearInterrupts                 0x080017b5   Thumb Code    12  nrf24l01.o(i.NRF24L01_ClearInterrupts)
    NRF24L01_FlushRx                         0x080017c1   Thumb Code    30  nrf24l01.o(i.NRF24L01_FlushRx)
    NRF24L01_FlushTx                         0x080017e5   Thumb Code    30  nrf24l01.o(i.NRF24L01_FlushTx)
    NRF24L01_GetStatus                       0x08001809   Thumb Code    38  nrf24l01.o(i.NRF24L01_GetStatus)
    NRF24L01_Init                            0x08001835   Thumb Code   234  nrf24l01.o(i.NRF24L01_Init)
    NRF24L01_OpenReadingPipe                 0x0800192d   Thumb Code    62  nrf24l01.o(i.NRF24L01_OpenReadingPipe)
    NRF24L01_PowerUpRx                       0x08001971   Thumb Code    28  nrf24l01.o(i.NRF24L01_PowerUpRx)
    NRF24L01_Read                            0x0800198d   Thumb Code   118  nrf24l01.o(i.NRF24L01_Read)
    NRF24L01_ReadRegister                    0x08001a09   Thumb Code    50  nrf24l01.o(i.NRF24L01_ReadRegister)
    NRF24L01_SetAutoAck                      0x08001a41   Thumb Code    90  nrf24l01.o(i.NRF24L01_SetAutoAck)
    NRF24L01_SetChannel                      0x08001a9d   Thumb Code    30  nrf24l01.o(i.NRF24L01_SetChannel)
    NRF24L01_SetCrcLength                    0x08001ac1   Thumb Code    44  nrf24l01.o(i.NRF24L01_SetCrcLength)
    NRF24L01_SetRF                           0x08001aed   Thumb Code    68  nrf24l01.o(i.NRF24L01_SetRF)
    NRF24L01_SoftwareReset                   0x08001b35   Thumb Code   284  nrf24l01.o(i.NRF24L01_SoftwareReset)
    NRF24L01_StartListening                  0x08001c51   Thumb Code    44  nrf24l01.o(i.NRF24L01_StartListening)
    NRF24L01_TestCarrier                     0x08001c7d   Thumb Code    14  nrf24l01.o(i.NRF24L01_TestCarrier)
    NRF24L01_WriteRegister                   0x08001c8d   Thumb Code    42  nrf24l01.o(i.NRF24L01_WriteRegister)
    NRF24L01_WriteRegisterMulti              0x08001cbd   Thumb Code    76  nrf24l01.o(i.NRF24L01_WriteRegisterMulti)
    PendSV_Handler                           0x08001d45   Thumb Code     2  stm32f1xx_it.o(i.PendSV_Handler)
    SVC_Handler                              0x08001e43   Thumb Code     2  stm32f1xx_it.o(i.SVC_Handler)
    SysTick_Handler                          0x08001e45   Thumb Code    12  stm32f1xx_it.o(i.SysTick_Handler)
    SystemClock_Config                       0x08001e51   Thumb Code   108  main.o(i.SystemClock_Config)
    SystemInit                               0x08001ecd   Thumb Code    70  system_stm32f1xx.o(i.SystemInit)
    USART1_IRQHandler                        0x08002251   Thumb Code    10  stm32f1xx_it.o(i.USART1_IRQHandler)
    UsageFault_Handler                       0x08002261   Thumb Code     4  stm32f1xx_it.o(i.UsageFault_Handler)
    _Error_Handler                           0x08002265   Thumb Code     4  main.o(i._Error_Handler)
    __0snprintf$1                            0x08002269   Thumb Code    48  printf1.o(i.__0snprintf$1)
    __1snprintf$1                            0x08002269   Thumb Code     0  printf1.o(i.__0snprintf$1)
    __2snprintf                              0x08002269   Thumb Code     0  printf1.o(i.__0snprintf$1)
    __scatterload_copy                       0x0800229d   Thumb Code    14  handlers.o(i.__scatterload_copy)
    __scatterload_null                       0x080022ab   Thumb Code     2  handlers.o(i.__scatterload_null)
    __scatterload_zeroinit                   0x080022ad   Thumb Code    14  handlers.o(i.__scatterload_zeroinit)
    free                                     0x08002429   Thumb Code    76  malloc.o(i.free)
    main                                     0x08002479   Thumb Code   422  main.o(i.main)
    malloc                                   0x0800264d   Thumb Code    92  malloc.o(i.malloc)
    AHBPrescTable                            0x080026b8   Data          16  system_stm32f1xx.o(.constdata)
    APBPrescTable                            0x080026c8   Data           8  system_stm32f1xx.o(.constdata)
    Region$$Table$$Base                      0x080026d0   Number         0  anon$$obj.o(Region$$Table)
    Region$$Table$$Limit                     0x080026f0   Number         0  anon$$obj.o(Region$$Table)
    pipe0_reading_address                    0x20000008   Data           5  nrf24l01.o(.data)
    pipeOut                                  0x2000000d   Data           5  main.o(.data)
    uwTick                                   0x20000014   Data           4  stm32f1xx_hal.o(.data)
    uwTickPrio                               0x20000018   Data           4  stm32f1xx_hal.o(.data)
    uwTickFreq                               0x2000001c   Data           1  stm32f1xx_hal.o(.data)
    SystemCoreClock                          0x20000020   Data           4  system_stm32f1xx.o(.data)
    __microlib_freelist                      0x20000024   Data           4  mvars.o(.data)
    __microlib_freelist_initialised          0x20000028   Data           4  mvars.o(.data)
    txPackage                                0x2000005c   Data          31  main.o(.bss)
    hspi1                                    0x2000007c   Data          88  spi.o(.bss)
    huart1                                   0x200000d4   Data          64  usart.o(.bss)
    __heap_base                              0x20000118   Data           0  startup_stm32f103xb.o(HEAP)
    __heap_limit                             0x20000318   Data           0  startup_stm32f103xb.o(HEAP)
    __initial_sp                             0x20000b18   Data           0  startup_stm32f103xb.o(STACK)



==============================================================================

Memory Map of the image

  Image Entry point : 0x080000ed

  Load Region LR_IROM1 (Base: 0x08000000, Size: 0x0000271c, Max: 0x00020000, ABSOLUTE)

    Execution Region ER_IROM1 (Exec base: 0x08000000, Load base: 0x08000000, Size: 0x000026f0, Max: 0x00020000, ABSOLUTE)

    Exec Addr    Load Addr    Size         Type   Attr      Idx    E Section Name        Object

    0x08000000   0x08000000   0x000000ec   Data   RO            3    RESET               startup_stm32f103xb.o
    0x080000ec   0x080000ec   0x00000000   Code   RO         2364  * .ARM.Collect$$$$00000000  mc_w.l(entry.o)
    0x080000ec   0x080000ec   0x00000004   Code   RO         2664    .ARM.Collect$$$$00000001  mc_w.l(entry2.o)
    0x080000f0   0x080000f0   0x00000004   Code   RO         2667    .ARM.Collect$$$$00000004  mc_w.l(entry5.o)
    0x080000f4   0x080000f4   0x00000000   Code   RO         2669    .ARM.Collect$$$$00000008  mc_w.l(entry7b.o)
    0x080000f4   0x080000f4   0x00000000   Code   RO         2671    .ARM.Collect$$$$0000000A  mc_w.l(entry8b.o)
    0x080000f4   0x080000f4   0x00000008   Code   RO         2672    .ARM.Collect$$$$0000000B  mc_w.l(entry9a.o)
    0x080000fc   0x080000fc   0x00000004   Code   RO         2679    .ARM.Collect$$$$0000000E  mc_w.l(entry12b.o)
    0x08000100   0x08000100   0x00000000   Code   RO         2674    .ARM.Collect$$$$0000000F  mc_w.l(entry10a.o)
    0x08000100   0x08000100   0x00000000   Code   RO         2676    .ARM.Collect$$$$00000011  mc_w.l(entry11a.o)
    0x08000100   0x08000100   0x00000004   Code   RO         2665    .ARM.Collect$$$$00002712  mc_w.l(entry2.o)
    0x08000104   0x08000104   0x00000024   Code   RO            4    .text               startup_stm32f103xb.o
    0x08000128   0x08000128   0x00000024   Code   RO         2369    .text               mc_w.l(memcpya.o)
    0x0800014c   0x0800014c   0x00000024   Code   RO         2371    .text               mc_w.l(memseta.o)
    0x08000170   0x08000170   0x0000002c   Code   RO         2683    .text               mc_w.l(uidiv.o)
    0x0800019c   0x0800019c   0x00000024   Code   RO         2700    .text               mc_w.l(init.o)
    0x080001c0   0x080001c0   0x00000004   Code   RO          555    i.BusFault_Handler  stm32f1xx_it.o
    0x080001c4   0x080001c4   0x00000002   Code   RO          556    i.DebugMon_Handler  stm32f1xx_it.o
    0x080001c6   0x080001c6   0x00000002   PAD
    0x080001c8   0x080001c8   0x000000b0   Code   RO         1781    i.HAL_DMA_Abort_IT  stm32f1xx_hal_dma.o
    0x08000278   0x08000278   0x00000028   Code   RO         1418    i.HAL_Delay         stm32f1xx_hal.o
    0x080002a0   0x080002a0   0x0000031c   Code   RO         1716    i.HAL_GPIO_Init     stm32f1xx_hal_gpio.o
    0x080005bc   0x080005bc   0x0000000c   Code   RO         1720    i.HAL_GPIO_WritePin  stm32f1xx_hal_gpio.o
    0x080005c8   0x080005c8   0x0000000c   Code   RO         1422    i.HAL_GetTick       stm32f1xx_hal.o
    0x080005d4   0x080005d4   0x00000018   Code   RO         1426    i.HAL_IncTick       stm32f1xx_hal.o
    0x080005ec   0x080005ec   0x00000028   Code   RO         1427    i.HAL_Init          stm32f1xx_hal.o
    0x08000614   0x08000614   0x0000004c   Code   RO         1428    i.HAL_InitTick      stm32f1xx_hal.o
    0x08000660   0x08000660   0x000000a8   Code   RO          637    i.HAL_MspInit       stm32f1xx_hal_msp.o
    0x08000708   0x08000708   0x0000001a   Code   RO         1876    i.HAL_NVIC_EnableIRQ  stm32f1xx_hal_cortex.o
    0x08000722   0x08000722   0x0000007c   Code   RO         1882    i.HAL_NVIC_SetPriority  stm32f1xx_hal_cortex.o
    0x0800079e   0x0800079e   0x00000002   PAD
    0x080007a0   0x080007a0   0x00000028   Code   RO         1883    i.HAL_NVIC_SetPriorityGrouping  stm32f1xx_hal_cortex.o
    0x080007c8   0x080007c8   0x000001a4   Code   RO         1571    i.HAL_RCC_ClockConfig  stm32f1xx_hal_rcc.o
    0x0800096c   0x0800096c   0x0000000c   Code   RO         1576    i.HAL_RCC_GetHCLKFreq  stm32f1xx_hal_rcc.o
    0x08000978   0x08000978   0x00000020   Code   RO         1578    i.HAL_RCC_GetPCLK1Freq  stm32f1xx_hal_rcc.o
    0x08000998   0x08000998   0x00000020   Code   RO         1579    i.HAL_RCC_GetPCLK2Freq  stm32f1xx_hal_rcc.o
    0x080009b8   0x080009b8   0x00000094   Code   RO         1580    i.HAL_RCC_GetSysClockFreq  stm32f1xx_hal_rcc.o
    0x08000a4c   0x08000a4c   0x00000440   Code   RO         1583    i.HAL_RCC_OscConfig  stm32f1xx_hal_rcc.o
    0x08000e8c   0x08000e8c   0x00000086   Code   RO         1020    i.HAL_SPI_Init      stm32f1xx_hal_spi_ex.o
    0x08000f12   0x08000f12   0x00000002   PAD
    0x08000f14   0x08000f14   0x00000060   Code   RO          472    i.HAL_SPI_MspInit   spi.o
    0x08000f74   0x08000f74   0x000001a6   Code   RO          716    i.HAL_SPI_Transmit  stm32f1xx_hal_spi.o
    0x0800111a   0x0800111a   0x0000021e   Code   RO          717    i.HAL_SPI_TransmitReceive  stm32f1xx_hal_spi.o
    0x08001338   0x08001338   0x00000028   Code   RO         1885    i.HAL_SYSTICK_CLKSourceConfig  stm32f1xx_hal_cortex.o
    0x08001360   0x08001360   0x00000002   Code   RO         1886    i.HAL_SYSTICK_Callback  stm32f1xx_hal_cortex.o
    0x08001362   0x08001362   0x00000034   Code   RO         1887    i.HAL_SYSTICK_Config  stm32f1xx_hal_cortex.o
    0x08001396   0x08001396   0x00000008   Code   RO         1888    i.HAL_SYSTICK_IRQHandler  stm32f1xx_hal_cortex.o
    0x0800139e   0x0800139e   0x00000002   Code   RO         1101    i.HAL_UART_ErrorCallback  stm32f1xx_hal_uart.o
    0x080013a0   0x080013a0   0x0000014c   Code   RO         1104    i.HAL_UART_IRQHandler  stm32f1xx_hal_uart.o
    0x080014ec   0x080014ec   0x00000072   Code   RO         1105    i.HAL_UART_Init     stm32f1xx_hal_uart.o
    0x0800155e   0x0800155e   0x00000002   PAD
    0x08001560   0x08001560   0x00000074   Code   RO          514    i.HAL_UART_MspInit  usart.o
    0x080015d4   0x080015d4   0x00000002   Code   RO         1111    i.HAL_UART_RxCpltCallback  stm32f1xx_hal_uart.o
    0x080015d6   0x080015d6   0x00000002   Code   RO         1116    i.HAL_UART_TxCpltCallback  stm32f1xx_hal_uart.o
    0x080015d8   0x080015d8   0x00000004   Code   RO          557    i.HardFault_Handler  stm32f1xx_it.o
    0x080015dc   0x080015dc   0x000000ac   Code   RO          447    i.MX_GPIO_Init      gpio.o
    0x08001688   0x08001688   0x00000058   Code   RO          473    i.MX_SPI1_Init      spi.o
    0x080016e0   0x080016e0   0x0000004c   Code   RO          515    i.MX_USART1_UART_Init  usart.o
    0x0800172c   0x0800172c   0x00000004   Code   RO          558    i.MemManage_Handler  stm32f1xx_it.o
    0x08001730   0x08001730   0x00000002   Code   RO          559    i.NMI_Handler       stm32f1xx_it.o
    0x08001732   0x08001732   0x00000030   Code   RO           13    i.NRF24L01_Available  nrf24l01.o
    0x08001762   0x08001762   0x00000002   PAD
    0x08001764   0x08001764   0x00000014   Code   RO           14    i.NRF24L01_CE_HIGH  nrf24l01.o
    0x08001778   0x08001778   0x00000014   Code   RO           15    i.NRF24L01_CE_LOW   nrf24l01.o
    0x0800178c   0x0800178c   0x00000014   Code   RO           16    i.NRF24L01_CSN_HIGH  nrf24l01.o
    0x080017a0   0x080017a0   0x00000014   Code   RO           17    i.NRF24L01_CSN_LOW  nrf24l01.o
    0x080017b4   0x080017b4   0x0000000c   Code   RO           18    i.NRF24L01_ClearInterrupts  nrf24l01.o
    0x080017c0   0x080017c0   0x00000024   Code   RO           20    i.NRF24L01_FlushRx  nrf24l01.o
    0x080017e4   0x080017e4   0x00000024   Code   RO           21    i.NRF24L01_FlushTx  nrf24l01.o
    0x08001808   0x08001808   0x0000002c   Code   RO           28    i.NRF24L01_GetStatus  nrf24l01.o
    0x08001834   0x08001834   0x000000f8   Code   RO           30    i.NRF24L01_Init     nrf24l01.o
    0x0800192c   0x0800192c   0x00000044   Code   RO           31    i.NRF24L01_OpenReadingPipe  nrf24l01.o
    0x08001970   0x08001970   0x0000001c   Code   RO           35    i.NRF24L01_PowerUpRx  nrf24l01.o
    0x0800198c   0x0800198c   0x0000007c   Code   RO           37    i.NRF24L01_Read     nrf24l01.o
    0x08001a08   0x08001a08   0x00000038   Code   RO           39    i.NRF24L01_ReadRegister  nrf24l01.o
    0x08001a40   0x08001a40   0x0000005a   Code   RO           42    i.NRF24L01_SetAutoAck  nrf24l01.o
    0x08001a9a   0x08001a9a   0x00000002   PAD
    0x08001a9c   0x08001a9c   0x00000024   Code   RO           43    i.NRF24L01_SetChannel  nrf24l01.o
    0x08001ac0   0x08001ac0   0x0000002c   Code   RO           44    i.NRF24L01_SetCrcLength  nrf24l01.o
    0x08001aec   0x08001aec   0x00000048   Code   RO           46    i.NRF24L01_SetRF    nrf24l01.o
    0x08001b34   0x08001b34   0x0000011c   Code   RO           50    i.NRF24L01_SoftwareReset  nrf24l01.o
    0x08001c50   0x08001c50   0x0000002c   Code   RO           51    i.NRF24L01_StartListening  nrf24l01.o
    0x08001c7c   0x08001c7c   0x0000000e   Code   RO           53    i.NRF24L01_TestCarrier  nrf24l01.o
    0x08001c8a   0x08001c8a   0x00000002   PAD
    0x08001c8c   0x08001c8c   0x00000030   Code   RO           56    i.NRF24L01_WriteRegister  nrf24l01.o
    0x08001cbc   0x08001cbc   0x00000050   Code   RO           57    i.NRF24L01_WriteRegisterMulti  nrf24l01.o
    0x08001d0c   0x08001d0c   0x00000010   Code   RO         1889    i.NVIC_GetPriorityGrouping  stm32f1xx_hal_cortex.o
    0x08001d1c   0x08001d1c   0x00000028   Code   RO         1890    i.NVIC_SetPriority  stm32f1xx_hal_cortex.o
    0x08001d44   0x08001d44   0x00000002   Code   RO          560    i.PendSV_Handler    stm32f1xx_it.o
    0x08001d46   0x08001d46   0x00000002   PAD
    0x08001d48   0x08001d48   0x00000028   Code   RO         1584    i.RCC_Delay         stm32f1xx_hal_rcc.o
    0x08001d70   0x08001d70   0x00000028   Code   RO          732    i.SPI_CheckFlag_BSY  stm32f1xx_hal_spi.o
    0x08001d98   0x08001d98   0x000000aa   Code   RO          751    i.SPI_WaitFlagStateUntilTimeout  stm32f1xx_hal_spi.o
    0x08001e42   0x08001e42   0x00000002   Code   RO          561    i.SVC_Handler       stm32f1xx_it.o
    0x08001e44   0x08001e44   0x0000000c   Code   RO          562    i.SysTick_Handler   stm32f1xx_it.o
    0x08001e50   0x08001e50   0x0000007c   Code   RO          396    i.SystemClock_Config  main.o
    0x08001ecc   0x08001ecc   0x00000058   Code   RO         2331    i.SystemInit        system_stm32f1xx.o
    0x08001f24   0x08001f24   0x00000014   Code   RO         1118    i.UART_DMAAbortOnError  stm32f1xx_hal_uart.o
    0x08001f38   0x08001f38   0x00000020   Code   RO         1128    i.UART_EndRxTransfer  stm32f1xx_hal_uart.o
    0x08001f58   0x08001f58   0x00000020   Code   RO         1129    i.UART_EndTransmit_IT  stm32f1xx_hal_uart.o
    0x08001f78   0x08001f78   0x000000a6   Code   RO         1131    i.UART_Receive_IT   stm32f1xx_hal_uart.o
    0x0800201e   0x0800201e   0x00000002   PAD
    0x08002020   0x08002020   0x000001c8   Code   RO         1132    i.UART_SetConfig    stm32f1xx_hal_uart.o
    0x080021e8   0x080021e8   0x00000068   Code   RO         1133    i.UART_Transmit_IT  stm32f1xx_hal_uart.o
    0x08002250   0x08002250   0x00000010   Code   RO          563    i.USART1_IRQHandler  stm32f1xx_it.o
    0x08002260   0x08002260   0x00000004   Code   RO          564    i.UsageFault_Handler  stm32f1xx_it.o
    0x08002264   0x08002264   0x00000004   Code   RO          397    i._Error_Handler    main.o
    0x08002268   0x08002268   0x00000034   Code   RO         2421    i.__0snprintf$1     mc_w.l(printf1.o)
    0x0800229c   0x0800229c   0x0000000e   Code   RO         2712    i.__scatterload_copy  mc_w.l(handlers.o)
    0x080022aa   0x080022aa   0x00000002   Code   RO         2713    i.__scatterload_null  mc_w.l(handlers.o)
    0x080022ac   0x080022ac   0x0000000e   Code   RO         2714    i.__scatterload_zeroinit  mc_w.l(handlers.o)
    0x080022ba   0x080022ba   0x00000002   PAD
    0x080022bc   0x080022bc   0x00000154   Code   RO         2427    i._printf_core      mc_w.l(printf1.o)
    0x08002410   0x08002410   0x00000016   Code   RO         2428    i._snputc           mc_w.l(printf1.o)
    0x08002426   0x08002426   0x00000002   PAD
    0x08002428   0x08002428   0x00000050   Code   RO         2636    i.free              mc_w.l(malloc.o)
    0x08002478   0x08002478   0x000001d4   Code   RO          398    i.main              main.o
    0x0800264c   0x0800264c   0x0000006c   Code   RO         2637    i.malloc            mc_w.l(malloc.o)
    0x080026b8   0x080026b8   0x00000018   Data   RO         2332    .constdata          system_stm32f1xx.o
    0x080026d0   0x080026d0   0x00000020   Data   RO         2710    Region$$Table       anon$$obj.o


    Execution Region RW_IRAM1 (Exec base: 0x20000000, Load base: 0x080026f0, Size: 0x00000b18, Max: 0x00005000, ABSOLUTE)

    Exec Addr    Load Addr    Size         Type   Attr      Idx    E Section Name        Object

    0x20000000   0x080026f0   0x0000000d   Data   RW           60    .data               nrf24l01.o
    0x2000000d   0x080026fd   0x00000005   Data   RW          400    .data               main.o
    0x20000012   0x08002702   0x00000002   PAD
    0x20000014   0x08002704   0x00000009   Data   RW         1434    .data               stm32f1xx_hal.o
    0x2000001d   0x0800270d   0x00000003   PAD
    0x20000020   0x08002710   0x00000004   Data   RW         2333    .data               system_stm32f1xx.o
    0x20000024   0x08002714   0x00000004   Data   RW         2687    .data               mc_w.l(mvars.o)
    0x20000028   0x08002718   0x00000004   Data   RW         2688    .data               mc_w.l(mvars.o)
    0x2000002c        -       0x00000030   Zero   RW           59    .bss                nrf24l01.o
    0x2000005c        -       0x0000001f   Zero   RW          399    .bss                main.o
    0x2000007b   0x0800271c   0x00000001   PAD
    0x2000007c        -       0x00000058   Zero   RW          474    .bss                spi.o
    0x200000d4        -       0x00000040   Zero   RW          516    .bss                usart.o
    0x20000114   0x0800271c   0x00000004   PAD
    0x20000118        -       0x00000200   Zero   RW            2    HEAP                startup_stm32f103xb.o
    0x20000318        -       0x00000800   Zero   RW            1    STACK               startup_stm32f103xb.o


==============================================================================

Image component sizes


      Code (inc. data)   RO Data    RW Data    ZI Data      Debug   Object Name

       172         12          0          0          0        907   gpio.o
       596         62          0          5         31       2821   main.o
      1492         86          0         13         48     430413   nrf24l01.o
       184         38          0          0         88       1593   spi.o
        36          8        236          0       2560        812   startup_stm32f103xb.o
       192         36          0          9          0       3889   stm32f1xx_hal.o
       348         22          0          0          0      27917   stm32f1xx_hal_cortex.o
       176          4          0          0          0       1107   stm32f1xx_hal_dma.o
       808         32          0          0          0       2680   stm32f1xx_hal_gpio.o
       168         10          0          0          0        954   stm32f1xx_hal_msp.o
      1772        108          0          0          0       6008   stm32f1xx_hal_rcc.o
      1174          0          0          0          0       4753   stm32f1xx_hal_spi.o
       134          0          0          0          0       1075   stm32f1xx_hal_spi_ex.o
      1262         12          0          0          0       7515   stm32f1xx_hal_uart.o
        52          6          0          0          0       4358   stm32f1xx_it.o
        88         18         24          4          0       1187   system_stm32f1xx.o
       192         40          0          0         64       1626   usart.o

    ----------------------------------------------------------------------
      8864        494        292         36       2796     499615   Object Totals
         0          0         32          0          0          0   (incl. Generated)
        18          0          0          5          5          0   (incl. Padding)

    ----------------------------------------------------------------------

      Code (inc. data)   RO Data    RW Data    ZI Data      Debug   Library Member Name

         0          0          0          0          0          0   entry.o
         0          0          0          0          0          0   entry10a.o
         0          0          0          0          0          0   entry11a.o
         4          0          0          0          0          0   entry12b.o
         8          4          0          0          0          0   entry2.o
         4          0          0          0          0          0   entry5.o
         0          0          0          0          0          0   entry7b.o
         0          0          0          0          0          0   entry8b.o
         8          4          0          0          0          0   entry9a.o
        30          0          0          0          0          0   handlers.o
        36          8          0          0          0         68   init.o
       188         20          0          0          0        160   malloc.o
        36          0          0          0          0         68   memcpya.o
        36          0          0          0          0        108   memseta.o
         0          0          0          8          0          0   mvars.o
       414          8          0          0          0        256   printf1.o
        44          0          0          0          0         80   uidiv.o

    ----------------------------------------------------------------------
       812         44          0          8          0        740   Library Totals
         4          0          0          0          0          0   (incl. Padding)

    ----------------------------------------------------------------------

      Code (inc. data)   RO Data    RW Data    ZI Data      Debug   Library Name

       808         44          0          8          0        740   mc_w.l

    ----------------------------------------------------------------------
       812         44          0          8          0        740   Library Totals

    ----------------------------------------------------------------------

==============================================================================


      Code (inc. data)   RO Data    RW Data    ZI Data      Debug   

      9676        538        292         44       2796     496087   Grand Totals
      9676        538        292         44       2796     496087   ELF Image Totals
      9676        538        292         44          0          0   ROM Totals

==============================================================================

    Total RO  Size (Code + RO Data)                 9968 (   9.73kB)
    Total RW  Size (RW Data + ZI Data)              2840 (   2.77kB)
    Total ROM Size (Code + RO Data + RW Data)      10012 (   9.78kB)

==============================================================================

